[0.014s] Invoking command in '/ros2_ws/build/aruco_pose_estimation': AMENT_PREFIX_PATH=/ros2_ws/install/aruco_interfaces:${AMENT_PREFIX_PATH} CMAKE_PREFIX_PATH=/ros2_ws/install/aruco_interfaces:/opt/ros/humble LD_LIBRARY_PATH=/ros2_ws/install/aruco_interfaces/lib:${LD_LIBRARY_PATH} PYTHONPATH=/ros2_ws/install/aruco_interfaces/local/lib/python3.10/dist-packages:${PYTHONPATH} /usr/bin/cmake /ros2_ws/src/ros2-aruco-pose-estimation/aruco_pose_estimation -DAMENT_CMAKE_SYMLINK_INSTALL=1 -DCMAKE_INSTALL_PREFIX=/ros2_ws/install/aruco_pose_estimation
[0.083s] -- The C compiler identification is GNU 11.4.0
[0.142s] -- The CXX compiler identification is GNU 11.4.0
[0.150s] -- Detecting C compiler ABI info
[0.235s] -- Detecting C compiler ABI info - done
[0.244s] -- Check for working C compiler: /usr/bin/cc - skipped
[0.244s] -- Detecting C compile features
[0.244s] -- Detecting C compile features - done
[0.247s] -- Detecting CXX compiler ABI info
[0.350s] -- Detecting CXX compiler ABI info - done
[0.357s] -- Check for working CXX compiler: /usr/bin/c++ - skipped
[0.357s] -- Detecting CXX compile features
[0.358s] -- Detecting CXX compile features - done
[0.361s] -- Found ament_cmake: 1.3.12 (/opt/ros/humble/share/ament_cmake/cmake)
[0.520s] -- Found Python3: /usr/bin/python3 (found version "3.10.12") found components: Interpreter 
[0.579s] -- Override CMake install command with custom implementation using symlinks instead of copying resources
[0.608s] -- Found rclpy: 3.3.17 (/opt/ros/humble/share/rclpy/cmake)
[0.608s] -- Found aruco_interfaces: 0.1.0 (/ros2_ws/install/aruco_interfaces/share/aruco_interfaces/cmake)
[0.643s] -- Found rosidl_generator_c: 3.1.7 (/opt/ros/humble/share/rosidl_generator_c/cmake)
[0.648s] -- Found rosidl_adapter: 3.1.7 (/opt/ros/humble/share/rosidl_adapter/cmake)
[0.655s] -- Found rosidl_generator_cpp: 3.1.7 (/opt/ros/humble/share/rosidl_generator_cpp/cmake)
[0.666s] -- Using all available rosidl_typesupport_c: rosidl_typesupport_fastrtps_c;rosidl_typesupport_introspection_c
[0.681s] -- Using all available rosidl_typesupport_cpp: rosidl_typesupport_fastrtps_cpp;rosidl_typesupport_introspection_cpp
[0.868s] -- Configuring done
[0.873s] -- Generating done
[0.876s] -- Build files have been written to: /ros2_ws/build/aruco_pose_estimation
[0.882s] Invoked command in '/ros2_ws/build/aruco_pose_estimation' returned '0': AMENT_PREFIX_PATH=/ros2_ws/install/aruco_interfaces:${AMENT_PREFIX_PATH} CMAKE_PREFIX_PATH=/ros2_ws/install/aruco_interfaces:/opt/ros/humble LD_LIBRARY_PATH=/ros2_ws/install/aruco_interfaces/lib:${LD_LIBRARY_PATH} PYTHONPATH=/ros2_ws/install/aruco_interfaces/local/lib/python3.10/dist-packages:${PYTHONPATH} /usr/bin/cmake /ros2_ws/src/ros2-aruco-pose-estimation/aruco_pose_estimation -DAMENT_CMAKE_SYMLINK_INSTALL=1 -DCMAKE_INSTALL_PREFIX=/ros2_ws/install/aruco_pose_estimation
[0.883s] Invoking command in '/ros2_ws/build/aruco_pose_estimation': AMENT_PREFIX_PATH=/ros2_ws/install/aruco_interfaces:${AMENT_PREFIX_PATH} CMAKE_PREFIX_PATH=/ros2_ws/install/aruco_interfaces:/opt/ros/humble LD_LIBRARY_PATH=/ros2_ws/install/aruco_interfaces/lib:${LD_LIBRARY_PATH} PYTHONPATH=/ros2_ws/install/aruco_interfaces/local/lib/python3.10/dist-packages:${PYTHONPATH} /usr/bin/cmake --build /ros2_ws/build/aruco_pose_estimation -- -j24 -l24
[0.958s] Built target ament_cmake_python_symlink_aruco_pose_estimation
[1.145s] running egg_info
[1.146s] creating aruco_pose_estimation.egg-info
[1.146s] writing aruco_pose_estimation.egg-info/PKG-INFO
[1.146s] writing dependency_links to aruco_pose_estimation.egg-info/dependency_links.txt
[1.146s] writing top-level names to aruco_pose_estimation.egg-info/top_level.txt
[1.146s] writing manifest file 'aruco_pose_estimation.egg-info/SOURCES.txt'
[1.147s] reading manifest file 'aruco_pose_estimation.egg-info/SOURCES.txt'
[1.148s] writing manifest file 'aruco_pose_estimation.egg-info/SOURCES.txt'
[1.175s] Built target ament_cmake_python_build_aruco_pose_estimation_egg
[1.189s] Invoked command in '/ros2_ws/build/aruco_pose_estimation' returned '0': AMENT_PREFIX_PATH=/ros2_ws/install/aruco_interfaces:${AMENT_PREFIX_PATH} CMAKE_PREFIX_PATH=/ros2_ws/install/aruco_interfaces:/opt/ros/humble LD_LIBRARY_PATH=/ros2_ws/install/aruco_interfaces/lib:${LD_LIBRARY_PATH} PYTHONPATH=/ros2_ws/install/aruco_interfaces/local/lib/python3.10/dist-packages:${PYTHONPATH} /usr/bin/cmake --build /ros2_ws/build/aruco_pose_estimation -- -j24 -l24
[1.191s] Invoking command in '/ros2_ws/build/aruco_pose_estimation': AMENT_PREFIX_PATH=/ros2_ws/install/aruco_interfaces:${AMENT_PREFIX_PATH} CMAKE_PREFIX_PATH=/ros2_ws/install/aruco_interfaces:/opt/ros/humble LD_LIBRARY_PATH=/ros2_ws/install/aruco_interfaces/lib:${LD_LIBRARY_PATH} PYTHONPATH=/ros2_ws/install/aruco_interfaces/local/lib/python3.10/dist-packages:${PYTHONPATH} /usr/bin/cmake --install /ros2_ws/build/aruco_pose_estimation
[1.203s] -- Install configuration: ""
[1.204s] -- Execute custom install script
[1.204s] -- Symlinking: /ros2_ws/install/aruco_pose_estimation/share/aruco_pose_estimation/environment/pythonpath.sh
[1.215s] -- Symlinking: /ros2_ws/install/aruco_pose_estimation/share/aruco_pose_estimation/environment/pythonpath.dsv
[1.226s] -- Symlinking: /ros2_ws/install/aruco_pose_estimation/local/lib/python3.10/dist-packages/aruco_pose_estimation-2.0.0-py3.10.egg-info/PKG-INFO
[1.234s] -- Symlinking: /ros2_ws/install/aruco_pose_estimation/local/lib/python3.10/dist-packages/aruco_pose_estimation-2.0.0-py3.10.egg-info/SOURCES.txt
[1.245s] -- Symlinking: /ros2_ws/install/aruco_pose_estimation/local/lib/python3.10/dist-packages/aruco_pose_estimation-2.0.0-py3.10.egg-info/dependency_links.txt
[1.256s] -- Symlinking: /ros2_ws/install/aruco_pose_estimation/local/lib/python3.10/dist-packages/aruco_pose_estimation-2.0.0-py3.10.egg-info/top_level.txt
[1.263s] -- Symlinking: /ros2_ws/install/aruco_pose_estimation/local/lib/python3.10/dist-packages/aruco_pose_estimation/__init__.py
[1.274s] -- Symlinking: /ros2_ws/install/aruco_pose_estimation/local/lib/python3.10/dist-packages/aruco_pose_estimation/pose_estimation.py
[1.281s] -- Symlinking: /ros2_ws/install/aruco_pose_estimation/local/lib/python3.10/dist-packages/aruco_pose_estimation/utils.py
[1.288s] -- Symlinking: /ros2_ws/install/aruco_pose_estimation/lib/aruco_pose_estimation/aruco_node.py
[1.296s] -- Symlinking: /ros2_ws/install/aruco_pose_estimation/share/aruco_pose_estimation/launch/aruco_pose_estimation.launch.py
[1.303s] -- Symlinking: /ros2_ws/install/aruco_pose_estimation/share/aruco_pose_estimation/rviz/cam_detect.rviz
[1.310s] -- Symlinking: /ros2_ws/install/aruco_pose_estimation/share/aruco_pose_estimation/config/aruco_parameters.yaml
[1.317s] -- Symlinking: /ros2_ws/install/aruco_pose_estimation/share/aruco_pose_estimation/config/calibration_realsense.yaml
[1.327s] -- Symlinking: /ros2_ws/install/aruco_pose_estimation/share/ament_index/resource_index/package_run_dependencies/aruco_pose_estimation
[1.334s] -- Symlinking: /ros2_ws/install/aruco_pose_estimation/share/ament_index/resource_index/parent_prefix_path/aruco_pose_estimation
[1.341s] -- Symlinking: /ros2_ws/install/aruco_pose_estimation/share/aruco_pose_estimation/environment/ament_prefix_path.sh
[1.355s] -- Symlinking: /ros2_ws/install/aruco_pose_estimation/share/aruco_pose_estimation/environment/ament_prefix_path.dsv
[1.366s] -- Symlinking: /ros2_ws/install/aruco_pose_estimation/share/aruco_pose_estimation/environment/path.sh
[1.373s] -- Symlinking: /ros2_ws/install/aruco_pose_estimation/share/aruco_pose_estimation/environment/path.dsv
[1.381s] -- Symlinking: /ros2_ws/install/aruco_pose_estimation/share/aruco_pose_estimation/local_setup.bash
[1.396s] -- Symlinking: /ros2_ws/install/aruco_pose_estimation/share/aruco_pose_estimation/local_setup.sh
[1.404s] -- Symlinking: /ros2_ws/install/aruco_pose_estimation/share/aruco_pose_estimation/local_setup.zsh
[1.417s] -- Symlinking: /ros2_ws/install/aruco_pose_estimation/share/aruco_pose_estimation/local_setup.dsv
[1.428s] -- Symlinking: /ros2_ws/install/aruco_pose_estimation/share/aruco_pose_estimation/package.dsv
[1.437s] -- Symlinking: /ros2_ws/install/aruco_pose_estimation/share/ament_index/resource_index/packages/aruco_pose_estimation
[1.447s] -- Symlinking: /ros2_ws/install/aruco_pose_estimation/share/aruco_pose_estimation/cmake/aruco_pose_estimationConfig.cmake
[1.455s] -- Symlinking: /ros2_ws/install/aruco_pose_estimation/share/aruco_pose_estimation/cmake/aruco_pose_estimationConfig-version.cmake
[1.462s] -- Symlinking: /ros2_ws/install/aruco_pose_estimation/share/aruco_pose_estimation/package.xml
[1.502s] Listing '/ros2_ws/install/aruco_pose_estimation/local/lib/python3.10/dist-packages/aruco_pose_estimation'...
[1.502s] Compiling '/ros2_ws/install/aruco_pose_estimation/local/lib/python3.10/dist-packages/aruco_pose_estimation/__init__.py'...
[1.502s] Compiling '/ros2_ws/install/aruco_pose_estimation/local/lib/python3.10/dist-packages/aruco_pose_estimation/pose_estimation.py'...
[1.502s] Compiling '/ros2_ws/install/aruco_pose_estimation/local/lib/python3.10/dist-packages/aruco_pose_estimation/utils.py'...
[1.509s] Invoked command in '/ros2_ws/build/aruco_pose_estimation' returned '0': AMENT_PREFIX_PATH=/ros2_ws/install/aruco_interfaces:${AMENT_PREFIX_PATH} CMAKE_PREFIX_PATH=/ros2_ws/install/aruco_interfaces:/opt/ros/humble LD_LIBRARY_PATH=/ros2_ws/install/aruco_interfaces/lib:${LD_LIBRARY_PATH} PYTHONPATH=/ros2_ws/install/aruco_interfaces/local/lib/python3.10/dist-packages:${PYTHONPATH} /usr/bin/cmake --install /ros2_ws/build/aruco_pose_estimation
