[0.018s] Invoking command in '/ros2_ws/src/build/aruco_interfaces': CMAKE_PREFIX_PATH=${CMAKE_PREFIX_PATH}:/opt/ros/humble /usr/bin/cmake /ros2_ws/src/ros2-aruco-pose-estimation/aruco_interfaces -DAMENT_CMAKE_SYMLINK_INSTALL=1 -DCMAKE_INSTALL_PREFIX=/ros2_ws/src/install/aruco_interfaces
[0.079s] -- The C compiler identification is GNU 11.4.0
[0.134s] -- The CXX compiler identification is GNU 11.4.0
[0.140s] -- Detecting C compiler ABI info
[0.212s] -- Detecting C compiler ABI info - done
[0.220s] -- Check for working C compiler: /usr/bin/cc - skipped
[0.221s] -- Detecting C compile features
[0.221s] -- Detecting C compile features - done
[0.225s] -- Detecting CXX compiler ABI info
[0.317s] -- Detecting CXX compiler ABI info - done
[0.323s] -- Check for working CXX compiler: /usr/bin/c++ - skipped
[0.323s] -- Detecting CXX compile features
[0.324s] -- Detecting CXX compile features - done
[0.327s] -- Found ament_cmake: 1.3.12 (/opt/ros/humble/share/ament_cmake/cmake)
[0.478s] -- Found Python3: /usr/bin/python3 (found version "3.10.12") found components: Interpreter 
[0.533s] -- Override CMake install command with custom implementation using symlinks instead of copying resources
[0.566s] -- Found geometry_msgs: 4.9.0 (/opt/ros/humble/share/geometry_msgs/cmake)
[0.605s] -- Found rosidl_generator_c: 3.1.7 (/opt/ros/humble/share/rosidl_generator_c/cmake)
[0.610s] -- Found rosidl_adapter: 3.1.7 (/opt/ros/humble/share/rosidl_adapter/cmake)
[0.618s] -- Found rosidl_generator_cpp: 3.1.7 (/opt/ros/humble/share/rosidl_generator_cpp/cmake)
[0.629s] -- Using all available rosidl_typesupport_c: rosidl_typesupport_fastrtps_c;rosidl_typesupport_introspection_c
[0.645s] -- Using all available rosidl_typesupport_cpp: rosidl_typesupport_fastrtps_cpp;rosidl_typesupport_introspection_cpp
[0.679s] -- Found rosidl_default_generators: 1.2.0 (/opt/ros/humble/share/rosidl_default_generators/cmake)
[0.960s] -- Found ament_cmake_ros: 0.10.0 (/opt/ros/humble/share/ament_cmake_ros/cmake)
[1.359s] -- Using all available rosidl_typesupport_c: rosidl_typesupport_fastrtps_c;rosidl_typesupport_introspection_c
[1.514s] -- Using all available rosidl_typesupport_cpp: rosidl_typesupport_fastrtps_cpp;rosidl_typesupport_introspection_cpp
[1.540s] -- Found PythonInterp: /usr/bin/python3 (found suitable version "3.10.12", minimum required is "3.6") 
[1.542s] -- Found python_cmake_module: 0.10.0 (/opt/ros/humble/share/python_cmake_module/cmake)
[1.568s] -- Found PythonLibs: /usr/lib/x86_64-linux-gnu/libpython3.10.so (found suitable version "3.10.12", minimum required is "3.5") 
[1.569s] -- Using PYTHON_EXECUTABLE: /usr/bin/python3
[1.569s] -- Using PYTHON_INCLUDE_DIRS: /usr/include/python3.10
[1.569s] -- Using PYTHON_LIBRARIES: /usr/lib/x86_64-linux-gnu/libpython3.10.so
[1.588s] -- Found PythonExtra: .so  
[1.650s] -- Found ament_lint_auto: 0.12.14 (/opt/ros/humble/share/ament_lint_auto/cmake)
[1.673s] -- Added test 'copyright' to check source files copyright and LICENSE
[1.674s] -- Added test 'lint_cmake' to check CMake code style
[1.675s] -- Added test 'xmllint' to check XML markup files
[1.679s] -- Configuring done
[1.711s] -- Generating done
[1.721s] -- Build files have been written to: /ros2_ws/src/build/aruco_interfaces
[1.731s] Invoked command in '/ros2_ws/src/build/aruco_interfaces' returned '0': CMAKE_PREFIX_PATH=${CMAKE_PREFIX_PATH}:/opt/ros/humble /usr/bin/cmake /ros2_ws/src/ros2-aruco-pose-estimation/aruco_interfaces -DAMENT_CMAKE_SYMLINK_INSTALL=1 -DCMAKE_INSTALL_PREFIX=/ros2_ws/src/install/aruco_interfaces
[1.735s] Invoking command in '/ros2_ws/src/build/aruco_interfaces': CMAKE_PREFIX_PATH=${CMAKE_PREFIX_PATH}:/opt/ros/humble /usr/bin/cmake --build /ros2_ws/src/build/aruco_interfaces -- -j24 -l24
[1.791s] [  3%] [34m[1mGenerating C code for ROS interfaces[0m
[1.800s] [  6%] [34m[1mGenerating C++ code for ROS interfaces[0m
[1.809s] [  6%] Built target ament_cmake_python_symlink_aruco_interfaces
[1.994s] running egg_info
[1.994s] creating aruco_interfaces.egg-info
[1.994s] writing aruco_interfaces.egg-info/PKG-INFO
[1.994s] writing dependency_links to aruco_interfaces.egg-info/dependency_links.txt
[1.995s] writing top-level names to aruco_interfaces.egg-info/top_level.txt
[1.995s] writing manifest file 'aruco_interfaces.egg-info/SOURCES.txt'
[1.997s] reading manifest file 'aruco_interfaces.egg-info/SOURCES.txt'
[1.997s] writing manifest file 'aruco_interfaces.egg-info/SOURCES.txt'
[2.013s] [  6%] Built target aruco_interfaces__cpp
[2.023s] [  9%] [32mBuilding C object CMakeFiles/aruco_interfaces__rosidl_generator_c.dir/rosidl_generator_c/aruco_interfaces/msg/detail/aruco_markers__functions.c.o[0m
[2.023s] [  9%] Built target ament_cmake_python_build_aruco_interfaces_egg
[2.024s] [ 12%] [34m[1mGenerating C++ introspection for ROS interfaces[0m
[2.025s] [ 16%] [34m[1mGenerating C++ type support for eProsima Fast-RTPS[0m
[2.027s] [ 19%] [34m[1mGenerating C++ type support dispatch for ROS interfaces[0m
[2.075s] [ 22%] [32m[1mLinking C shared library libaruco_interfaces__rosidl_generator_c.so[0m
[2.123s] [ 22%] Built target aruco_interfaces__rosidl_generator_c
[2.134s] [ 25%] [34m[1mGenerating C type support for eProsima Fast-RTPS[0m
[2.135s] [ 29%] [34m[1mGenerating C type support dispatch for ROS interfaces[0m
[2.140s] [ 32%] [34m[1mGenerating C introspection for ROS interfaces[0m
[2.230s] [ 35%] [32mBuilding CXX object CMakeFiles/aruco_interfaces__rosidl_typesupport_cpp.dir/rosidl_typesupport_cpp/aruco_interfaces/msg/aruco_markers__type_support.cpp.o[0m
[2.245s] [ 38%] [32mBuilding CXX object CMakeFiles/aruco_interfaces__rosidl_typesupport_fastrtps_cpp.dir/rosidl_typesupport_fastrtps_cpp/aruco_interfaces/msg/detail/dds_fastrtps/aruco_markers__type_support.cpp.o[0m
[2.247s] [ 41%] [32mBuilding CXX object CMakeFiles/aruco_interfaces__rosidl_typesupport_introspection_cpp.dir/rosidl_typesupport_introspection_cpp/aruco_interfaces/msg/detail/aruco_markers__type_support.cpp.o[0m
[2.333s] [ 45%] [32mBuilding CXX object CMakeFiles/aruco_interfaces__rosidl_typesupport_c.dir/rosidl_typesupport_c/aruco_interfaces/msg/aruco_markers__type_support.cpp.o[0m
[2.359s] [ 48%] [32mBuilding CXX object CMakeFiles/aruco_interfaces__rosidl_typesupport_fastrtps_c.dir/rosidl_typesupport_fastrtps_c/aruco_interfaces/msg/detail/aruco_markers__type_support_c.cpp.o[0m
[2.363s] [ 51%] [32mBuilding C object CMakeFiles/aruco_interfaces__rosidl_typesupport_introspection_c.dir/rosidl_typesupport_introspection_c/aruco_interfaces/msg/detail/aruco_markers__type_support.c.o[0m
[2.371s] [ 54%] [32m[1mLinking CXX shared library libaruco_interfaces__rosidl_typesupport_c.so[0m
[2.407s] [ 58%] [32m[1mLinking C shared library libaruco_interfaces__rosidl_typesupport_introspection_c.so[0m
[2.417s] [ 58%] Built target aruco_interfaces__rosidl_typesupport_c
[2.444s] [ 58%] Built target aruco_interfaces__rosidl_typesupport_introspection_c
[2.479s] [ 61%] [32m[1mLinking CXX shared library libaruco_interfaces__rosidl_typesupport_cpp.so[0m
[2.522s] [ 61%] Built target aruco_interfaces__rosidl_typesupport_cpp
[2.651s] [ 64%] [32m[1mLinking CXX shared library libaruco_interfaces__rosidl_typesupport_introspection_cpp.so[0m
[2.668s] [ 67%] [32m[1mLinking CXX shared library libaruco_interfaces__rosidl_typesupport_fastrtps_c.so[0m
[2.674s] [ 70%] [32m[1mLinking CXX shared library libaruco_interfaces__rosidl_typesupport_fastrtps_cpp.so[0m
[2.736s] [ 70%] Built target aruco_interfaces__rosidl_typesupport_introspection_cpp
[2.753s] [ 70%] Built target aruco_interfaces__rosidl_typesupport_fastrtps_c
[2.758s] [ 70%] Built target aruco_interfaces__rosidl_typesupport_fastrtps_cpp
[2.780s] [ 70%] Built target aruco_interfaces
[2.804s] [ 74%] [34m[1mGenerating Python code for ROS interfaces[0m
[3.056s] [ 74%] Built target aruco_interfaces__py
[3.077s] [ 77%] [32mBuilding C object CMakeFiles/aruco_interfaces__rosidl_generator_py.dir/rosidl_generator_py/aruco_interfaces/msg/_aruco_markers_s.c.o[0m
[3.189s] [ 80%] [32m[1mLinking C shared library rosidl_generator_py/aruco_interfaces/libaruco_interfaces__rosidl_generator_py.so[0m
[3.240s] [ 80%] Built target aruco_interfaces__rosidl_generator_py
[3.268s] [ 83%] [32mBuilding C object CMakeFiles/aruco_interfaces__rosidl_typesupport_introspection_c__pyext.dir/rosidl_generator_py/aruco_interfaces/_aruco_interfaces_s.ep.rosidl_typesupport_introspection_c.c.o[0m
[3.269s] [ 87%] [32mBuilding C object CMakeFiles/aruco_interfaces__rosidl_typesupport_fastrtps_c__pyext.dir/rosidl_generator_py/aruco_interfaces/_aruco_interfaces_s.ep.rosidl_typesupport_fastrtps_c.c.o[0m
[3.270s] [ 90%] [32mBuilding C object CMakeFiles/aruco_interfaces__rosidl_typesupport_c__pyext.dir/rosidl_generator_py/aruco_interfaces/_aruco_interfaces_s.ep.rosidl_typesupport_c.c.o[0m
[3.373s] [ 93%] [32m[1mLinking C shared library rosidl_generator_py/aruco_interfaces/aruco_interfaces_s__rosidl_typesupport_introspection_c.cpython-310-x86_64-linux-gnu.so[0m
[3.373s] [ 96%] [32m[1mLinking C shared library rosidl_generator_py/aruco_interfaces/aruco_interfaces_s__rosidl_typesupport_fastrtps_c.cpython-310-x86_64-linux-gnu.so[0m
[3.381s] [100%] [32m[1mLinking C shared library rosidl_generator_py/aruco_interfaces/aruco_interfaces_s__rosidl_typesupport_c.cpython-310-x86_64-linux-gnu.so[0m
[3.417s] [100%] Built target aruco_interfaces__rosidl_typesupport_fastrtps_c__pyext
[3.418s] [100%] Built target aruco_interfaces__rosidl_typesupport_introspection_c__pyext
[3.428s] [100%] Built target aruco_interfaces__rosidl_typesupport_c__pyext
[3.439s] Invoked command in '/ros2_ws/src/build/aruco_interfaces' returned '0': CMAKE_PREFIX_PATH=${CMAKE_PREFIX_PATH}:/opt/ros/humble /usr/bin/cmake --build /ros2_ws/src/build/aruco_interfaces -- -j24 -l24
[3.451s] Invoking command in '/ros2_ws/src/build/aruco_interfaces': CMAKE_PREFIX_PATH=${CMAKE_PREFIX_PATH}:/opt/ros/humble /usr/bin/cmake --install /ros2_ws/src/build/aruco_interfaces
[3.461s] -- Install configuration: ""
[3.461s] -- Execute custom install script
[3.462s] -- Symlinking: /ros2_ws/src/install/aruco_interfaces/share/ament_index/resource_index/rosidl_interfaces/aruco_interfaces
[3.471s] -- Symlinking: /ros2_ws/src/install/aruco_interfaces/include/aruco_interfaces/aruco_interfaces/msg/aruco_markers.h
[3.478s] -- Symlinking: /ros2_ws/src/install/aruco_interfaces/include/aruco_interfaces/aruco_interfaces/msg/detail/aruco_markers__functions.h
[3.485s] -- Symlinking: /ros2_ws/src/install/aruco_interfaces/include/aruco_interfaces/aruco_interfaces/msg/detail/aruco_markers__struct.h
[3.493s] -- Symlinking: /ros2_ws/src/install/aruco_interfaces/include/aruco_interfaces/aruco_interfaces/msg/detail/aruco_markers__type_support.h
[3.504s] -- Symlinking: /ros2_ws/src/install/aruco_interfaces/include/aruco_interfaces/aruco_interfaces/msg/rosidl_generator_c__visibility_control.h
[3.512s] -- Symlinking: /ros2_ws/src/install/aruco_interfaces/share/aruco_interfaces/environment/library_path.sh
[3.519s] -- Symlinking: /ros2_ws/src/install/aruco_interfaces/share/aruco_interfaces/environment/library_path.dsv
[3.533s] -- Symlinking: /ros2_ws/src/install/aruco_interfaces/include/aruco_interfaces/aruco_interfaces/msg/detail/aruco_markers__rosidl_typesupport_fastrtps_c.h
[3.544s] -- Symlinking: /ros2_ws/src/install/aruco_interfaces/include/aruco_interfaces/aruco_interfaces/msg/rosidl_typesupport_fastrtps_c__visibility_control.h
[3.551s] -- Symlinking: /ros2_ws/src/install/aruco_interfaces/include/aruco_interfaces/aruco_interfaces/msg/aruco_markers.hpp
[3.560s] -- Symlinking: /ros2_ws/src/install/aruco_interfaces/include/aruco_interfaces/aruco_interfaces/msg/detail/aruco_markers__builder.hpp
[3.567s] -- Symlinking: /ros2_ws/src/install/aruco_interfaces/include/aruco_interfaces/aruco_interfaces/msg/detail/aruco_markers__struct.hpp
[3.574s] -- Symlinking: /ros2_ws/src/install/aruco_interfaces/include/aruco_interfaces/aruco_interfaces/msg/detail/aruco_markers__traits.hpp
[3.583s] -- Symlinking: /ros2_ws/src/install/aruco_interfaces/include/aruco_interfaces/aruco_interfaces/msg/detail/aruco_markers__type_support.hpp
[3.590s] -- Symlinking: /ros2_ws/src/install/aruco_interfaces/include/aruco_interfaces/aruco_interfaces/msg/rosidl_generator_cpp__visibility_control.hpp
[3.601s] -- Symlinking: /ros2_ws/src/install/aruco_interfaces/include/aruco_interfaces/aruco_interfaces/msg/detail/aruco_markers__rosidl_typesupport_fastrtps_cpp.hpp
[3.610s] -- Symlinking: /ros2_ws/src/install/aruco_interfaces/include/aruco_interfaces/aruco_interfaces/msg/rosidl_typesupport_fastrtps_cpp__visibility_control.h
[3.623s] -- Symlinking: /ros2_ws/src/install/aruco_interfaces/include/aruco_interfaces/aruco_interfaces/msg/detail/aruco_markers__rosidl_typesupport_introspection_c.h
[3.631s] -- Symlinking: /ros2_ws/src/install/aruco_interfaces/include/aruco_interfaces/aruco_interfaces/msg/rosidl_typesupport_introspection_c__visibility_control.h
[3.639s] -- Symlinking: /ros2_ws/src/install/aruco_interfaces/include/aruco_interfaces/aruco_interfaces/msg/detail/aruco_markers__rosidl_typesupport_introspection_cpp.hpp
[3.652s] -- Symlinking: /ros2_ws/src/install/aruco_interfaces/share/aruco_interfaces/environment/pythonpath.sh
[3.660s] -- Symlinking: /ros2_ws/src/install/aruco_interfaces/share/aruco_interfaces/environment/pythonpath.dsv
[3.673s] -- Symlinking: /ros2_ws/src/install/aruco_interfaces/local/lib/python3.10/dist-packages/aruco_interfaces-0.1.0-py3.10.egg-info/PKG-INFO
[3.682s] -- Symlinking: /ros2_ws/src/install/aruco_interfaces/local/lib/python3.10/dist-packages/aruco_interfaces-0.1.0-py3.10.egg-info/SOURCES.txt
[3.689s] -- Symlinking: /ros2_ws/src/install/aruco_interfaces/local/lib/python3.10/dist-packages/aruco_interfaces-0.1.0-py3.10.egg-info/dependency_links.txt
[3.703s] -- Symlinking: /ros2_ws/src/install/aruco_interfaces/local/lib/python3.10/dist-packages/aruco_interfaces-0.1.0-py3.10.egg-info/top_level.txt
[3.711s] -- Symlinking: /ros2_ws/src/install/aruco_interfaces/local/lib/python3.10/dist-packages/aruco_interfaces/__init__.py
[3.718s] -- Symlinking: /ros2_ws/src/install/aruco_interfaces/local/lib/python3.10/dist-packages/aruco_interfaces/_aruco_interfaces_s.ep.rosidl_typesupport_c.c
[3.726s] -- Symlinking: /ros2_ws/src/install/aruco_interfaces/local/lib/python3.10/dist-packages/aruco_interfaces/_aruco_interfaces_s.ep.rosidl_typesupport_fastrtps_c.c
[3.733s] -- Symlinking: /ros2_ws/src/install/aruco_interfaces/local/lib/python3.10/dist-packages/aruco_interfaces/_aruco_interfaces_s.ep.rosidl_typesupport_introspection_c.c
[3.742s] -- Symlinking: /ros2_ws/src/install/aruco_interfaces/local/lib/python3.10/dist-packages/aruco_interfaces/aruco_interfaces_s__rosidl_typesupport_c.cpython-310-x86_64-linux-gnu.so
[3.751s] -- Symlinking: /ros2_ws/src/install/aruco_interfaces/local/lib/python3.10/dist-packages/aruco_interfaces/aruco_interfaces_s__rosidl_typesupport_fastrtps_c.cpython-310-x86_64-linux-gnu.so
[3.758s] -- Symlinking: /ros2_ws/src/install/aruco_interfaces/local/lib/python3.10/dist-packages/aruco_interfaces/aruco_interfaces_s__rosidl_typesupport_introspection_c.cpython-310-x86_64-linux-gnu.so
[3.765s] -- Symlinking: /ros2_ws/src/install/aruco_interfaces/local/lib/python3.10/dist-packages/aruco_interfaces/libaruco_interfaces__rosidl_generator_py.so
[3.773s] -- Symlinking: /ros2_ws/src/install/aruco_interfaces/local/lib/python3.10/dist-packages/aruco_interfaces/msg/__init__.py
[3.780s] -- Symlinking: /ros2_ws/src/install/aruco_interfaces/local/lib/python3.10/dist-packages/aruco_interfaces/msg/_aruco_markers.py
[3.787s] -- Symlinking: /ros2_ws/src/install/aruco_interfaces/local/lib/python3.10/dist-packages/aruco_interfaces/msg/_aruco_markers_s.c
[3.795s] -- Up-to-date symlink: /ros2_ws/src/install/aruco_interfaces/local/lib/python3.10/dist-packages/aruco_interfaces/aruco_interfaces_s__rosidl_typesupport_fastrtps_c.cpython-310-x86_64-linux-gnu.so
[3.796s] -- Up-to-date symlink: /ros2_ws/src/install/aruco_interfaces/local/lib/python3.10/dist-packages/aruco_interfaces/aruco_interfaces_s__rosidl_typesupport_introspection_c.cpython-310-x86_64-linux-gnu.so
[3.796s] -- Up-to-date symlink: /ros2_ws/src/install/aruco_interfaces/local/lib/python3.10/dist-packages/aruco_interfaces/aruco_interfaces_s__rosidl_typesupport_c.cpython-310-x86_64-linux-gnu.so
[3.796s] -- Symlinking: /ros2_ws/src/install/aruco_interfaces/share/aruco_interfaces/msg/ArucoMarkers.idl
[3.805s] -- Symlinking: /ros2_ws/src/install/aruco_interfaces/share/aruco_interfaces/msg/ArucoMarkers.msg
[3.816s] -- Symlinking: /ros2_ws/src/install/aruco_interfaces/share/ament_index/resource_index/package_run_dependencies/aruco_interfaces
[3.823s] -- Symlinking: /ros2_ws/src/install/aruco_interfaces/share/ament_index/resource_index/parent_prefix_path/aruco_interfaces
[3.831s] -- Symlinking: /ros2_ws/src/install/aruco_interfaces/share/aruco_interfaces/environment/ament_prefix_path.sh
[3.845s] -- Symlinking: /ros2_ws/src/install/aruco_interfaces/share/aruco_interfaces/environment/ament_prefix_path.dsv
[3.854s] -- Symlinking: /ros2_ws/src/install/aruco_interfaces/share/aruco_interfaces/environment/path.sh
[3.865s] -- Symlinking: /ros2_ws/src/install/aruco_interfaces/share/aruco_interfaces/environment/path.dsv
[3.872s] -- Symlinking: /ros2_ws/src/install/aruco_interfaces/share/aruco_interfaces/local_setup.bash
[3.879s] -- Symlinking: /ros2_ws/src/install/aruco_interfaces/share/aruco_interfaces/local_setup.sh
[3.889s] -- Symlinking: /ros2_ws/src/install/aruco_interfaces/share/aruco_interfaces/local_setup.zsh
[3.896s] -- Symlinking: /ros2_ws/src/install/aruco_interfaces/share/aruco_interfaces/local_setup.dsv
[3.904s] -- Symlinking: /ros2_ws/src/install/aruco_interfaces/share/aruco_interfaces/package.dsv
[3.918s] -- Symlinking: /ros2_ws/src/install/aruco_interfaces/share/ament_index/resource_index/packages/aruco_interfaces
[3.926s] -- Symlinking: /ros2_ws/src/install/aruco_interfaces/share/aruco_interfaces/cmake/rosidl_cmake-extras.cmake
[3.938s] -- Symlinking: /ros2_ws/src/install/aruco_interfaces/share/aruco_interfaces/cmake/ament_cmake_export_dependencies-extras.cmake
[3.945s] -- Symlinking: /ros2_ws/src/install/aruco_interfaces/share/aruco_interfaces/cmake/ament_cmake_export_include_directories-extras.cmake
[3.954s] -- Symlinking: /ros2_ws/src/install/aruco_interfaces/share/aruco_interfaces/cmake/ament_cmake_export_libraries-extras.cmake
[3.961s] -- Symlinking: /ros2_ws/src/install/aruco_interfaces/share/aruco_interfaces/cmake/ament_cmake_export_targets-extras.cmake
[3.973s] -- Symlinking: /ros2_ws/src/install/aruco_interfaces/share/aruco_interfaces/cmake/rosidl_cmake_export_typesupport_targets-extras.cmake
[3.986s] -- Symlinking: /ros2_ws/src/install/aruco_interfaces/share/aruco_interfaces/cmake/rosidl_cmake_export_typesupport_libraries-extras.cmake
[3.995s] -- Symlinking: /ros2_ws/src/install/aruco_interfaces/share/aruco_interfaces/cmake/aruco_interfacesConfig.cmake
[4.008s] -- Symlinking: /ros2_ws/src/install/aruco_interfaces/share/aruco_interfaces/cmake/aruco_interfacesConfig-version.cmake
[4.018s] -- Symlinking: /ros2_ws/src/install/aruco_interfaces/share/aruco_interfaces/package.xml
[4.029s] -- Installing: /ros2_ws/src/install/aruco_interfaces/lib/libaruco_interfaces__rosidl_generator_c.so
[4.029s] -- Set runtime path of "/ros2_ws/src/install/aruco_interfaces/lib/libaruco_interfaces__rosidl_generator_c.so" to ""
[4.029s] -- Installing: /ros2_ws/src/install/aruco_interfaces/lib/libaruco_interfaces__rosidl_typesupport_fastrtps_c.so
[4.030s] -- Set runtime path of "/ros2_ws/src/install/aruco_interfaces/lib/libaruco_interfaces__rosidl_typesupport_fastrtps_c.so" to ""
[4.030s] -- Installing: /ros2_ws/src/install/aruco_interfaces/lib/libaruco_interfaces__rosidl_typesupport_fastrtps_cpp.so
[4.030s] -- Set runtime path of "/ros2_ws/src/install/aruco_interfaces/lib/libaruco_interfaces__rosidl_typesupport_fastrtps_cpp.so" to ""
[4.030s] -- Installing: /ros2_ws/src/install/aruco_interfaces/lib/libaruco_interfaces__rosidl_typesupport_introspection_c.so
[4.031s] -- Set runtime path of "/ros2_ws/src/install/aruco_interfaces/lib/libaruco_interfaces__rosidl_typesupport_introspection_c.so" to ""
[4.031s] -- Installing: /ros2_ws/src/install/aruco_interfaces/lib/libaruco_interfaces__rosidl_typesupport_c.so
[4.031s] -- Set runtime path of "/ros2_ws/src/install/aruco_interfaces/lib/libaruco_interfaces__rosidl_typesupport_c.so" to ""
[4.031s] -- Installing: /ros2_ws/src/install/aruco_interfaces/lib/libaruco_interfaces__rosidl_typesupport_introspection_cpp.so
[4.031s] -- Set runtime path of "/ros2_ws/src/install/aruco_interfaces/lib/libaruco_interfaces__rosidl_typesupport_introspection_cpp.so" to ""
[4.032s] -- Installing: /ros2_ws/src/install/aruco_interfaces/lib/libaruco_interfaces__rosidl_typesupport_cpp.so
[4.032s] -- Set runtime path of "/ros2_ws/src/install/aruco_interfaces/lib/libaruco_interfaces__rosidl_typesupport_cpp.so" to ""
[4.069s] Listing '/ros2_ws/src/install/aruco_interfaces/local/lib/python3.10/dist-packages/aruco_interfaces'...
[4.069s] Compiling '/ros2_ws/src/install/aruco_interfaces/local/lib/python3.10/dist-packages/aruco_interfaces/__init__.py'...
[4.069s] Listing '/ros2_ws/src/install/aruco_interfaces/local/lib/python3.10/dist-packages/aruco_interfaces/msg'...
[4.069s] Compiling '/ros2_ws/src/install/aruco_interfaces/local/lib/python3.10/dist-packages/aruco_interfaces/msg/__init__.py'...
[4.070s] Compiling '/ros2_ws/src/install/aruco_interfaces/local/lib/python3.10/dist-packages/aruco_interfaces/msg/_aruco_markers.py'...
[4.073s] -- Installing: /ros2_ws/src/install/aruco_interfaces/lib/libaruco_interfaces__rosidl_generator_py.so
[4.075s] -- Set runtime path of "/ros2_ws/src/install/aruco_interfaces/lib/libaruco_interfaces__rosidl_generator_py.so" to ""
[4.075s] -- Installing: /ros2_ws/src/install/aruco_interfaces/share/aruco_interfaces/cmake/export_aruco_interfaces__rosidl_generator_cExport.cmake
[4.075s] -- Installing: /ros2_ws/src/install/aruco_interfaces/share/aruco_interfaces/cmake/export_aruco_interfaces__rosidl_generator_cExport-noconfig.cmake
[4.075s] -- Installing: /ros2_ws/src/install/aruco_interfaces/share/aruco_interfaces/cmake/export_aruco_interfaces__rosidl_typesupport_fastrtps_cExport.cmake
[4.075s] -- Installing: /ros2_ws/src/install/aruco_interfaces/share/aruco_interfaces/cmake/export_aruco_interfaces__rosidl_typesupport_fastrtps_cExport-noconfig.cmake
[4.076s] -- Installing: /ros2_ws/src/install/aruco_interfaces/share/aruco_interfaces/cmake/export_aruco_interfaces__rosidl_generator_cppExport.cmake
[4.076s] -- Installing: /ros2_ws/src/install/aruco_interfaces/share/aruco_interfaces/cmake/export_aruco_interfaces__rosidl_typesupport_fastrtps_cppExport.cmake
[4.076s] -- Installing: /ros2_ws/src/install/aruco_interfaces/share/aruco_interfaces/cmake/export_aruco_interfaces__rosidl_typesupport_fastrtps_cppExport-noconfig.cmake
[4.076s] -- Installing: /ros2_ws/src/install/aruco_interfaces/share/aruco_interfaces/cmake/aruco_interfaces__rosidl_typesupport_introspection_cExport.cmake
[4.076s] -- Installing: /ros2_ws/src/install/aruco_interfaces/share/aruco_interfaces/cmake/aruco_interfaces__rosidl_typesupport_introspection_cExport-noconfig.cmake
[4.076s] -- Installing: /ros2_ws/src/install/aruco_interfaces/share/aruco_interfaces/cmake/aruco_interfaces__rosidl_typesupport_cExport.cmake
[4.077s] -- Installing: /ros2_ws/src/install/aruco_interfaces/share/aruco_interfaces/cmake/aruco_interfaces__rosidl_typesupport_cExport-noconfig.cmake
[4.077s] -- Installing: /ros2_ws/src/install/aruco_interfaces/share/aruco_interfaces/cmake/aruco_interfaces__rosidl_typesupport_introspection_cppExport.cmake
[4.077s] -- Installing: /ros2_ws/src/install/aruco_interfaces/share/aruco_interfaces/cmake/aruco_interfaces__rosidl_typesupport_introspection_cppExport-noconfig.cmake
[4.077s] -- Installing: /ros2_ws/src/install/aruco_interfaces/share/aruco_interfaces/cmake/aruco_interfaces__rosidl_typesupport_cppExport.cmake
[4.077s] -- Installing: /ros2_ws/src/install/aruco_interfaces/share/aruco_interfaces/cmake/aruco_interfaces__rosidl_typesupport_cppExport-noconfig.cmake
[4.078s] -- Installing: /ros2_ws/src/install/aruco_interfaces/share/aruco_interfaces/cmake/export_aruco_interfaces__rosidl_generator_pyExport.cmake
[4.078s] -- Installing: /ros2_ws/src/install/aruco_interfaces/share/aruco_interfaces/cmake/export_aruco_interfaces__rosidl_generator_pyExport-noconfig.cmake
[4.080s] Invoked command in '/ros2_ws/src/build/aruco_interfaces' returned '0': CMAKE_PREFIX_PATH=${CMAKE_PREFIX_PATH}:/opt/ros/humble /usr/bin/cmake --install /ros2_ws/src/build/aruco_interfaces
