[0.014s] Invoking command in '/ros2_ws/build/aruco_pose_estimation': CMAKE_PREFIX_PATH=/ros2_ws/install/aruco_interfaces:/ros2_ws/install/aruco_pose_estimation:/opt/ros/humble /usr/bin/cmake --build /ros2_ws/build/aruco_pose_estimation -- -j24 -l24
[0.075s] Built target ament_cmake_python_symlink_aruco_pose_estimation
[0.264s] running egg_info
[0.265s] writing aruco_pose_estimation.egg-info/PKG-INFO
[0.265s] writing dependency_links to aruco_pose_estimation.egg-info/dependency_links.txt
[0.265s] writing top-level names to aruco_pose_estimation.egg-info/top_level.txt
[0.267s] reading manifest file 'aruco_pose_estimation.egg-info/SOURCES.txt'
[0.267s] writing manifest file 'aruco_pose_estimation.egg-info/SOURCES.txt'
[0.297s] Built target ament_cmake_python_build_aruco_pose_estimation_egg
[0.312s] Invoked command in '/ros2_ws/build/aruco_pose_estimation' returned '0': CMAKE_PREFIX_PATH=/ros2_ws/install/aruco_interfaces:/ros2_ws/install/aruco_pose_estimation:/opt/ros/humble /usr/bin/cmake --build /ros2_ws/build/aruco_pose_estimation -- -j24 -l24
[0.314s] Invoking command in '/ros2_ws/build/aruco_pose_estimation': CMAKE_PREFIX_PATH=/ros2_ws/install/aruco_interfaces:/ros2_ws/install/aruco_pose_estimation:/opt/ros/humble /usr/bin/cmake --install /ros2_ws/build/aruco_pose_estimation
[0.323s] -- Install configuration: ""
[0.324s] -- Execute custom install script
[0.324s] -- Up-to-date symlink: /ros2_ws/install/aruco_pose_estimation/share/aruco_pose_estimation/environment/pythonpath.sh
[0.324s] -- Up-to-date symlink: /ros2_ws/install/aruco_pose_estimation/share/aruco_pose_estimation/environment/pythonpath.dsv
[0.324s] -- Up-to-date symlink: /ros2_ws/install/aruco_pose_estimation/local/lib/python3.10/dist-packages/aruco_pose_estimation-2.0.0-py3.10.egg-info/PKG-INFO
[0.324s] -- Up-to-date symlink: /ros2_ws/install/aruco_pose_estimation/local/lib/python3.10/dist-packages/aruco_pose_estimation-2.0.0-py3.10.egg-info/SOURCES.txt
[0.324s] -- Up-to-date symlink: /ros2_ws/install/aruco_pose_estimation/local/lib/python3.10/dist-packages/aruco_pose_estimation-2.0.0-py3.10.egg-info/dependency_links.txt
[0.325s] -- Up-to-date symlink: /ros2_ws/install/aruco_pose_estimation/local/lib/python3.10/dist-packages/aruco_pose_estimation-2.0.0-py3.10.egg-info/top_level.txt
[0.325s] -- Up-to-date symlink: /ros2_ws/install/aruco_pose_estimation/local/lib/python3.10/dist-packages/aruco_pose_estimation/__init__.py
[0.325s] -- Up-to-date symlink: /ros2_ws/install/aruco_pose_estimation/local/lib/python3.10/dist-packages/aruco_pose_estimation/pose_estimation.py
[0.325s] -- Up-to-date symlink: /ros2_ws/install/aruco_pose_estimation/local/lib/python3.10/dist-packages/aruco_pose_estimation/utils.py
[0.325s] -- Up-to-date symlink: /ros2_ws/install/aruco_pose_estimation/lib/aruco_pose_estimation/aruco_node.py
[0.325s] -- Up-to-date symlink: /ros2_ws/install/aruco_pose_estimation/share/aruco_pose_estimation/launch/aruco_pose_estimation.launch.py
[0.326s] -- Up-to-date symlink: /ros2_ws/install/aruco_pose_estimation/share/aruco_pose_estimation/rviz/cam_detect.rviz
[0.326s] -- Up-to-date symlink: /ros2_ws/install/aruco_pose_estimation/share/aruco_pose_estimation/config/aruco_parameters.yaml
[0.326s] -- Up-to-date symlink: /ros2_ws/install/aruco_pose_estimation/share/aruco_pose_estimation/config/calibration_realsense.yaml
[0.326s] -- Up-to-date symlink: /ros2_ws/install/aruco_pose_estimation/share/ament_index/resource_index/package_run_dependencies/aruco_pose_estimation
[0.326s] -- Up-to-date symlink: /ros2_ws/install/aruco_pose_estimation/share/ament_index/resource_index/parent_prefix_path/aruco_pose_estimation
[0.326s] -- Up-to-date symlink: /ros2_ws/install/aruco_pose_estimation/share/aruco_pose_estimation/environment/ament_prefix_path.sh
[0.327s] -- Up-to-date symlink: /ros2_ws/install/aruco_pose_estimation/share/aruco_pose_estimation/environment/ament_prefix_path.dsv
[0.327s] -- Up-to-date symlink: /ros2_ws/install/aruco_pose_estimation/share/aruco_pose_estimation/environment/path.sh
[0.327s] -- Up-to-date symlink: /ros2_ws/install/aruco_pose_estimation/share/aruco_pose_estimation/environment/path.dsv
[0.327s] -- Up-to-date symlink: /ros2_ws/install/aruco_pose_estimation/share/aruco_pose_estimation/local_setup.bash
[0.327s] -- Up-to-date symlink: /ros2_ws/install/aruco_pose_estimation/share/aruco_pose_estimation/local_setup.sh
[0.327s] -- Up-to-date symlink: /ros2_ws/install/aruco_pose_estimation/share/aruco_pose_estimation/local_setup.zsh
[0.327s] -- Up-to-date symlink: /ros2_ws/install/aruco_pose_estimation/share/aruco_pose_estimation/local_setup.dsv
[0.327s] -- Symlinking: /ros2_ws/install/aruco_pose_estimation/share/aruco_pose_estimation/package.dsv
[0.337s] -- Up-to-date symlink: /ros2_ws/install/aruco_pose_estimation/share/ament_index/resource_index/packages/aruco_pose_estimation
[0.338s] -- Up-to-date symlink: /ros2_ws/install/aruco_pose_estimation/share/aruco_pose_estimation/cmake/aruco_pose_estimationConfig.cmake
[0.338s] -- Up-to-date symlink: /ros2_ws/install/aruco_pose_estimation/share/aruco_pose_estimation/cmake/aruco_pose_estimationConfig-version.cmake
[0.338s] -- Up-to-date symlink: /ros2_ws/install/aruco_pose_estimation/share/aruco_pose_estimation/package.xml
[0.369s] Listing '/ros2_ws/install/aruco_pose_estimation/local/lib/python3.10/dist-packages/aruco_pose_estimation'...
[0.369s] Compiling '/ros2_ws/install/aruco_pose_estimation/local/lib/python3.10/dist-packages/aruco_pose_estimation/pose_estimation.py'...
[0.377s] Invoked command in '/ros2_ws/build/aruco_pose_estimation' returned '0': CMAKE_PREFIX_PATH=/ros2_ws/install/aruco_interfaces:/ros2_ws/install/aruco_pose_estimation:/opt/ros/humble /usr/bin/cmake --install /ros2_ws/build/aruco_pose_estimation
