[0.030s] Invoking command in '/ros2_ws/build/aruco_interfaces': CMAKE_PREFIX_PATH=${CMAKE_PREFIX_PATH}:/opt/ros/humble /usr/bin/cmake --build /ros2_ws/build/aruco_interfaces -- -j24 -l24
[0.092s] [35m[1mConsolidate compiler generated dependencies of target aruco_interfaces__rosidl_generator_c[0m
[0.096s] [  3%] Built target aruco_interfaces__cpp
[0.107s] [ 12%] Built target aruco_interfaces__rosidl_generator_c
[0.107s] [35m[1mConsolidate compiler generated dependencies of target aruco_interfaces__rosidl_typesupport_introspection_cpp[0m
[0.108s] [35m[1mConsolidate compiler generated dependencies of target aruco_interfaces__rosidl_typesupport_cpp[0m
[0.109s] [ 12%] Built target ament_cmake_python_symlink_aruco_interfaces
[0.112s] [35m[1mConsolidate compiler generated dependencies of target aruco_interfaces__rosidl_typesupport_fastrtps_cpp[0m
[0.119s] [35m[1mConsolidate compiler generated dependencies of target aruco_interfaces__rosidl_typesupport_introspection_c[0m
[0.119s] [35m[1mConsolidate compiler generated dependencies of target aruco_interfaces__rosidl_typesupport_fastrtps_c[0m
[0.120s] [35m[1mConsolidate compiler generated dependencies of target aruco_interfaces__rosidl_typesupport_c[0m
[0.123s] [ 22%] Built target aruco_interfaces__rosidl_typesupport_introspection_cpp
[0.126s] [ 32%] Built target aruco_interfaces__rosidl_typesupport_cpp
[0.128s] [ 41%] Built target aruco_interfaces__rosidl_typesupport_fastrtps_cpp
[0.132s] [ 51%] Built target aruco_interfaces__rosidl_typesupport_introspection_c
[0.136s] [ 61%] Built target aruco_interfaces__rosidl_typesupport_fastrtps_c
[0.137s] [ 70%] Built target aruco_interfaces__rosidl_typesupport_c
[0.159s] [ 70%] Built target aruco_interfaces
[0.181s] [ 74%] Built target aruco_interfaces__py
[0.192s] [35m[1mConsolidate compiler generated dependencies of target aruco_interfaces__rosidl_generator_py[0m
[0.209s] [ 80%] Built target aruco_interfaces__rosidl_generator_py
[0.221s] [35m[1mConsolidate compiler generated dependencies of target aruco_interfaces__rosidl_typesupport_fastrtps_c__pyext[0m
[0.224s] [35m[1mConsolidate compiler generated dependencies of target aruco_interfaces__rosidl_typesupport_c__pyext[0m
[0.224s] [35m[1mConsolidate compiler generated dependencies of target aruco_interfaces__rosidl_typesupport_introspection_c__pyext[0m
[0.236s] [ 87%] Built target aruco_interfaces__rosidl_typesupport_fastrtps_c__pyext
[0.242s] [ 93%] Built target aruco_interfaces__rosidl_typesupport_introspection_c__pyext
[0.242s] [100%] Built target aruco_interfaces__rosidl_typesupport_c__pyext
[0.309s] running egg_info
[0.312s] writing aruco_interfaces.egg-info/PKG-INFO
[0.315s] writing dependency_links to aruco_interfaces.egg-info/dependency_links.txt
[0.318s] writing top-level names to aruco_interfaces.egg-info/top_level.txt
[0.323s] reading manifest file 'aruco_interfaces.egg-info/SOURCES.txt'
[0.323s] writing manifest file 'aruco_interfaces.egg-info/SOURCES.txt'
[0.353s] [100%] Built target ament_cmake_python_build_aruco_interfaces_egg
[0.369s] Invoked command in '/ros2_ws/build/aruco_interfaces' returned '0': CMAKE_PREFIX_PATH=${CMAKE_PREFIX_PATH}:/opt/ros/humble /usr/bin/cmake --build /ros2_ws/build/aruco_interfaces -- -j24 -l24
[0.378s] Invoking command in '/ros2_ws/build/aruco_interfaces': CMAKE_PREFIX_PATH=${CMAKE_PREFIX_PATH}:/opt/ros/humble /usr/bin/cmake --install /ros2_ws/build/aruco_interfaces
[0.385s] -- Install configuration: ""
[0.388s] -- Execute custom install script
[0.388s] -- Up-to-date symlink: /ros2_ws/install/aruco_interfaces/share/ament_index/resource_index/rosidl_interfaces/aruco_interfaces
[0.389s] -- Up-to-date symlink: /ros2_ws/install/aruco_interfaces/include/aruco_interfaces/aruco_interfaces/msg/aruco_markers.h
[0.389s] -- Up-to-date symlink: /ros2_ws/install/aruco_interfaces/include/aruco_interfaces/aruco_interfaces/msg/detail/aruco_markers__functions.h
[0.389s] -- Up-to-date symlink: /ros2_ws/install/aruco_interfaces/include/aruco_interfaces/aruco_interfaces/msg/detail/aruco_markers__struct.h
[0.389s] -- Up-to-date symlink: /ros2_ws/install/aruco_interfaces/include/aruco_interfaces/aruco_interfaces/msg/detail/aruco_markers__type_support.h
[0.389s] -- Up-to-date symlink: /ros2_ws/install/aruco_interfaces/include/aruco_interfaces/aruco_interfaces/msg/rosidl_generator_c__visibility_control.h
[0.389s] -- Up-to-date symlink: /ros2_ws/install/aruco_interfaces/share/aruco_interfaces/environment/library_path.sh
[0.390s] -- Up-to-date symlink: /ros2_ws/install/aruco_interfaces/share/aruco_interfaces/environment/library_path.dsv
[0.390s] -- Up-to-date symlink: /ros2_ws/install/aruco_interfaces/include/aruco_interfaces/aruco_interfaces/msg/detail/aruco_markers__rosidl_typesupport_fastrtps_c.h
[0.390s] -- Up-to-date symlink: /ros2_ws/install/aruco_interfaces/include/aruco_interfaces/aruco_interfaces/msg/rosidl_typesupport_fastrtps_c__visibility_control.h
[0.390s] -- Up-to-date symlink: /ros2_ws/install/aruco_interfaces/include/aruco_interfaces/aruco_interfaces/msg/aruco_markers.hpp
[0.391s] -- Up-to-date symlink: /ros2_ws/install/aruco_interfaces/include/aruco_interfaces/aruco_interfaces/msg/detail/aruco_markers__builder.hpp
[0.391s] -- Up-to-date symlink: /ros2_ws/install/aruco_interfaces/include/aruco_interfaces/aruco_interfaces/msg/detail/aruco_markers__struct.hpp
[0.391s] -- Up-to-date symlink: /ros2_ws/install/aruco_interfaces/include/aruco_interfaces/aruco_interfaces/msg/detail/aruco_markers__traits.hpp
[0.391s] -- Up-to-date symlink: /ros2_ws/install/aruco_interfaces/include/aruco_interfaces/aruco_interfaces/msg/detail/aruco_markers__type_support.hpp
[0.391s] -- Up-to-date symlink: /ros2_ws/install/aruco_interfaces/include/aruco_interfaces/aruco_interfaces/msg/rosidl_generator_cpp__visibility_control.hpp
[0.391s] -- Up-to-date symlink: /ros2_ws/install/aruco_interfaces/include/aruco_interfaces/aruco_interfaces/msg/detail/aruco_markers__rosidl_typesupport_fastrtps_cpp.hpp
[0.392s] -- Up-to-date symlink: /ros2_ws/install/aruco_interfaces/include/aruco_interfaces/aruco_interfaces/msg/rosidl_typesupport_fastrtps_cpp__visibility_control.h
[0.392s] -- Up-to-date symlink: /ros2_ws/install/aruco_interfaces/include/aruco_interfaces/aruco_interfaces/msg/detail/aruco_markers__rosidl_typesupport_introspection_c.h
[0.392s] -- Up-to-date symlink: /ros2_ws/install/aruco_interfaces/include/aruco_interfaces/aruco_interfaces/msg/rosidl_typesupport_introspection_c__visibility_control.h
[0.392s] -- Up-to-date symlink: /ros2_ws/install/aruco_interfaces/include/aruco_interfaces/aruco_interfaces/msg/detail/aruco_markers__rosidl_typesupport_introspection_cpp.hpp
[0.392s] -- Up-to-date symlink: /ros2_ws/install/aruco_interfaces/share/aruco_interfaces/environment/pythonpath.sh
[0.392s] -- Up-to-date symlink: /ros2_ws/install/aruco_interfaces/share/aruco_interfaces/environment/pythonpath.dsv
[0.393s] -- Up-to-date symlink: /ros2_ws/install/aruco_interfaces/local/lib/python3.10/dist-packages/aruco_interfaces-0.1.0-py3.10.egg-info/PKG-INFO
[0.393s] -- Up-to-date symlink: /ros2_ws/install/aruco_interfaces/local/lib/python3.10/dist-packages/aruco_interfaces-0.1.0-py3.10.egg-info/SOURCES.txt
[0.393s] -- Up-to-date symlink: /ros2_ws/install/aruco_interfaces/local/lib/python3.10/dist-packages/aruco_interfaces-0.1.0-py3.10.egg-info/dependency_links.txt
[0.393s] -- Up-to-date symlink: /ros2_ws/install/aruco_interfaces/local/lib/python3.10/dist-packages/aruco_interfaces-0.1.0-py3.10.egg-info/top_level.txt
[0.394s] -- Up-to-date symlink: /ros2_ws/install/aruco_interfaces/local/lib/python3.10/dist-packages/aruco_interfaces/__init__.py
[0.394s] -- Up-to-date symlink: /ros2_ws/install/aruco_interfaces/local/lib/python3.10/dist-packages/aruco_interfaces/_aruco_interfaces_s.ep.rosidl_typesupport_c.c
[0.394s] -- Up-to-date symlink: /ros2_ws/install/aruco_interfaces/local/lib/python3.10/dist-packages/aruco_interfaces/_aruco_interfaces_s.ep.rosidl_typesupport_fastrtps_c.c
[0.394s] -- Up-to-date symlink: /ros2_ws/install/aruco_interfaces/local/lib/python3.10/dist-packages/aruco_interfaces/_aruco_interfaces_s.ep.rosidl_typesupport_introspection_c.c
[0.394s] -- Up-to-date symlink: /ros2_ws/install/aruco_interfaces/local/lib/python3.10/dist-packages/aruco_interfaces/aruco_interfaces_s__rosidl_typesupport_c.cpython-310-x86_64-linux-gnu.so
[0.394s] -- Up-to-date symlink: /ros2_ws/install/aruco_interfaces/local/lib/python3.10/dist-packages/aruco_interfaces/aruco_interfaces_s__rosidl_typesupport_fastrtps_c.cpython-310-x86_64-linux-gnu.so
[0.394s] -- Up-to-date symlink: /ros2_ws/install/aruco_interfaces/local/lib/python3.10/dist-packages/aruco_interfaces/aruco_interfaces_s__rosidl_typesupport_introspection_c.cpython-310-x86_64-linux-gnu.so
[0.394s] -- Up-to-date symlink: /ros2_ws/install/aruco_interfaces/local/lib/python3.10/dist-packages/aruco_interfaces/libaruco_interfaces__rosidl_generator_py.so
[0.394s] -- Up-to-date symlink: /ros2_ws/install/aruco_interfaces/local/lib/python3.10/dist-packages/aruco_interfaces/msg/__init__.py
[0.395s] -- Up-to-date symlink: /ros2_ws/install/aruco_interfaces/local/lib/python3.10/dist-packages/aruco_interfaces/msg/_aruco_markers.py
[0.395s] -- Up-to-date symlink: /ros2_ws/install/aruco_interfaces/local/lib/python3.10/dist-packages/aruco_interfaces/msg/_aruco_markers_s.c
[0.395s] -- Up-to-date symlink: /ros2_ws/install/aruco_interfaces/local/lib/python3.10/dist-packages/aruco_interfaces/aruco_interfaces_s__rosidl_typesupport_fastrtps_c.cpython-310-x86_64-linux-gnu.so
[0.395s] -- Up-to-date symlink: /ros2_ws/install/aruco_interfaces/local/lib/python3.10/dist-packages/aruco_interfaces/aruco_interfaces_s__rosidl_typesupport_introspection_c.cpython-310-x86_64-linux-gnu.so
[0.395s] -- Up-to-date symlink: /ros2_ws/install/aruco_interfaces/local/lib/python3.10/dist-packages/aruco_interfaces/aruco_interfaces_s__rosidl_typesupport_c.cpython-310-x86_64-linux-gnu.so
[0.396s] -- Up-to-date symlink: /ros2_ws/install/aruco_interfaces/share/aruco_interfaces/msg/ArucoMarkers.idl
[0.396s] -- Up-to-date symlink: /ros2_ws/install/aruco_interfaces/share/aruco_interfaces/msg/ArucoMarkers.msg
[0.396s] -- Up-to-date symlink: /ros2_ws/install/aruco_interfaces/share/ament_index/resource_index/package_run_dependencies/aruco_interfaces
[0.396s] -- Up-to-date symlink: /ros2_ws/install/aruco_interfaces/share/ament_index/resource_index/parent_prefix_path/aruco_interfaces
[0.396s] -- Up-to-date symlink: /ros2_ws/install/aruco_interfaces/share/aruco_interfaces/environment/ament_prefix_path.sh
[0.396s] -- Up-to-date symlink: /ros2_ws/install/aruco_interfaces/share/aruco_interfaces/environment/ament_prefix_path.dsv
[0.397s] -- Up-to-date symlink: /ros2_ws/install/aruco_interfaces/share/aruco_interfaces/environment/path.sh
[0.397s] -- Up-to-date symlink: /ros2_ws/install/aruco_interfaces/share/aruco_interfaces/environment/path.dsv
[0.397s] -- Up-to-date symlink: /ros2_ws/install/aruco_interfaces/share/aruco_interfaces/local_setup.bash
[0.397s] -- Up-to-date symlink: /ros2_ws/install/aruco_interfaces/share/aruco_interfaces/local_setup.sh
[0.397s] -- Up-to-date symlink: /ros2_ws/install/aruco_interfaces/share/aruco_interfaces/local_setup.zsh
[0.397s] -- Up-to-date symlink: /ros2_ws/install/aruco_interfaces/share/aruco_interfaces/local_setup.dsv
[0.397s] -- Symlinking: /ros2_ws/install/aruco_interfaces/share/aruco_interfaces/package.dsv
[0.419s] -- Up-to-date symlink: /ros2_ws/install/aruco_interfaces/share/ament_index/resource_index/packages/aruco_interfaces
[0.419s] -- Up-to-date symlink: /ros2_ws/install/aruco_interfaces/share/aruco_interfaces/cmake/rosidl_cmake-extras.cmake
[0.419s] -- Up-to-date symlink: /ros2_ws/install/aruco_interfaces/share/aruco_interfaces/cmake/ament_cmake_export_dependencies-extras.cmake
[0.419s] -- Up-to-date symlink: /ros2_ws/install/aruco_interfaces/share/aruco_interfaces/cmake/ament_cmake_export_include_directories-extras.cmake
[0.419s] -- Up-to-date symlink: /ros2_ws/install/aruco_interfaces/share/aruco_interfaces/cmake/ament_cmake_export_libraries-extras.cmake
[0.419s] -- Up-to-date symlink: /ros2_ws/install/aruco_interfaces/share/aruco_interfaces/cmake/ament_cmake_export_targets-extras.cmake
[0.420s] -- Up-to-date symlink: /ros2_ws/install/aruco_interfaces/share/aruco_interfaces/cmake/rosidl_cmake_export_typesupport_targets-extras.cmake
[0.420s] -- Up-to-date symlink: /ros2_ws/install/aruco_interfaces/share/aruco_interfaces/cmake/rosidl_cmake_export_typesupport_libraries-extras.cmake
[0.420s] -- Up-to-date symlink: /ros2_ws/install/aruco_interfaces/share/aruco_interfaces/cmake/aruco_interfacesConfig.cmake
[0.420s] -- Up-to-date symlink: /ros2_ws/install/aruco_interfaces/share/aruco_interfaces/cmake/aruco_interfacesConfig-version.cmake
[0.420s] -- Up-to-date symlink: /ros2_ws/install/aruco_interfaces/share/aruco_interfaces/package.xml
[0.420s] -- Up-to-date: /ros2_ws/install/aruco_interfaces/lib/libaruco_interfaces__rosidl_generator_c.so
[0.427s] -- Up-to-date: /ros2_ws/install/aruco_interfaces/lib/libaruco_interfaces__rosidl_typesupport_fastrtps_c.so
[0.430s] -- Up-to-date: /ros2_ws/install/aruco_interfaces/lib/libaruco_interfaces__rosidl_typesupport_fastrtps_cpp.so
[0.434s] -- Up-to-date: /ros2_ws/install/aruco_interfaces/lib/libaruco_interfaces__rosidl_typesupport_introspection_c.so
[0.437s] -- Up-to-date: /ros2_ws/install/aruco_interfaces/lib/libaruco_interfaces__rosidl_typesupport_c.so
[0.441s] -- Up-to-date: /ros2_ws/install/aruco_interfaces/lib/libaruco_interfaces__rosidl_typesupport_introspection_cpp.so
[0.444s] -- Up-to-date: /ros2_ws/install/aruco_interfaces/lib/libaruco_interfaces__rosidl_typesupport_cpp.so
[0.479s] Listing '/ros2_ws/install/aruco_interfaces/local/lib/python3.10/dist-packages/aruco_interfaces'...
[0.480s] Listing '/ros2_ws/install/aruco_interfaces/local/lib/python3.10/dist-packages/aruco_interfaces/msg'...
[0.483s] -- Up-to-date: /ros2_ws/install/aruco_interfaces/lib/libaruco_interfaces__rosidl_generator_py.so
[0.487s] -- Up-to-date: /ros2_ws/install/aruco_interfaces/share/aruco_interfaces/cmake/export_aruco_interfaces__rosidl_generator_cExport.cmake
[0.499s] -- Up-to-date: /ros2_ws/install/aruco_interfaces/share/aruco_interfaces/cmake/export_aruco_interfaces__rosidl_generator_cExport-noconfig.cmake
[0.505s] -- Up-to-date: /ros2_ws/install/aruco_interfaces/share/aruco_interfaces/cmake/export_aruco_interfaces__rosidl_typesupport_fastrtps_cExport.cmake
[0.515s] -- Up-to-date: /ros2_ws/install/aruco_interfaces/share/aruco_interfaces/cmake/export_aruco_interfaces__rosidl_typesupport_fastrtps_cExport-noconfig.cmake
[0.521s] -- Up-to-date: /ros2_ws/install/aruco_interfaces/share/aruco_interfaces/cmake/export_aruco_interfaces__rosidl_generator_cppExport.cmake
[0.527s] -- Up-to-date: /ros2_ws/install/aruco_interfaces/share/aruco_interfaces/cmake/export_aruco_interfaces__rosidl_typesupport_fastrtps_cppExport.cmake
[0.530s] -- Up-to-date: /ros2_ws/install/aruco_interfaces/share/aruco_interfaces/cmake/export_aruco_interfaces__rosidl_typesupport_fastrtps_cppExport-noconfig.cmake
[0.533s] -- Up-to-date: /ros2_ws/install/aruco_interfaces/share/aruco_interfaces/cmake/aruco_interfaces__rosidl_typesupport_introspection_cExport.cmake
[0.536s] -- Up-to-date: /ros2_ws/install/aruco_interfaces/share/aruco_interfaces/cmake/aruco_interfaces__rosidl_typesupport_introspection_cExport-noconfig.cmake
[0.540s] -- Up-to-date: /ros2_ws/install/aruco_interfaces/share/aruco_interfaces/cmake/aruco_interfaces__rosidl_typesupport_cExport.cmake
[0.542s] -- Up-to-date: /ros2_ws/install/aruco_interfaces/share/aruco_interfaces/cmake/aruco_interfaces__rosidl_typesupport_cExport-noconfig.cmake
[0.546s] -- Up-to-date: /ros2_ws/install/aruco_interfaces/share/aruco_interfaces/cmake/aruco_interfaces__rosidl_typesupport_introspection_cppExport.cmake
[0.549s] -- Up-to-date: /ros2_ws/install/aruco_interfaces/share/aruco_interfaces/cmake/aruco_interfaces__rosidl_typesupport_introspection_cppExport-noconfig.cmake
[0.551s] -- Up-to-date: /ros2_ws/install/aruco_interfaces/share/aruco_interfaces/cmake/aruco_interfaces__rosidl_typesupport_cppExport.cmake
[0.554s] -- Up-to-date: /ros2_ws/install/aruco_interfaces/share/aruco_interfaces/cmake/aruco_interfaces__rosidl_typesupport_cppExport-noconfig.cmake
[0.557s] -- Up-to-date: /ros2_ws/install/aruco_interfaces/share/aruco_interfaces/cmake/export_aruco_interfaces__rosidl_generator_pyExport.cmake
[0.560s] -- Up-to-date: /ros2_ws/install/aruco_interfaces/share/aruco_interfaces/cmake/export_aruco_interfaces__rosidl_generator_pyExport-noconfig.cmake
[0.569s] Invoked command in '/ros2_ws/build/aruco_interfaces' returned '0': CMAKE_PREFIX_PATH=${CMAKE_PREFIX_PATH}:/opt/ros/humble /usr/bin/cmake --install /ros2_ws/build/aruco_interfaces
