[0.098s] DEBUG:colcon:Command line arguments: ['/usr/bin/colcon', 'build', '--symlink-install']
[0.098s] DEBUG:colcon:Parsed command line arguments: Namespace(log_base=None, log_level=None, verb_name='build', build_base='build', install_base='install', merge_install=False, symlink_install=True, test_result_base=None, continue_on_error=False, executor='parallel', parallel_workers=24, event_handlers=None, ignore_user_meta=False, metas=['./colcon.meta'], base_paths=['.'], packages_ignore=None, packages_ignore_regex=None, paths=None, packages_up_to=None, packages_up_to_regex=None, packages_above=None, packages_above_and_dependencies=None, packages_above_depth=None, packages_select_by_dep=None, packages_skip_by_dep=None, packages_skip_up_to=None, packages_select_build_failed=False, packages_skip_build_finished=False, packages_select_test_failures=False, packages_skip_test_passed=False, packages_select=None, packages_skip=None, packages_select_regex=None, packages_skip_regex=None, packages_start=None, packages_end=None, cmake_args=None, cmake_target=None, cmake_target_skip_unavailable=False, cmake_clean_cache=False, cmake_clean_first=False, cmake_force_configure=False, ament_cmake_args=None, catkin_cmake_args=None, catkin_skip_building_tests=False, mixin_files=None, mixin=None, verb_parser=<colcon_mixin.mixin.mixin_argument.MixinArgumentDecorator object at 0x7ca9e452f8e0>, verb_extension=<colcon_core.verb.build.BuildVerb object at 0x7ca9e46d8430>, main=<bound method BuildVerb.main of <colcon_core.verb.build.BuildVerb object at 0x7ca9e46d8430>>, mixin_verb=('build',))
[0.205s] Level 1:colcon.colcon_core.package_discovery:discover_packages(colcon_meta) check parameters
[0.206s] INFO:colcon.colcon_metadata.package_discovery.colcon_meta:Using configuration from '/root/.colcon/metadata/default/Gazebo.meta'
[0.206s] INFO:colcon.colcon_metadata.package_discovery.colcon_meta:Using configuration from '/root/.colcon/metadata/default/fastdds.meta'
[0.207s] INFO:colcon.colcon_metadata.package_discovery.colcon_meta:Using configuration from '/root/.colcon/metadata/default/fastrtps.meta'
[0.207s] Level 1:colcon.colcon_core.package_discovery:discover_packages(recursive) check parameters
[0.207s] Level 1:colcon.colcon_core.package_discovery:discover_packages(ignore) check parameters
[0.207s] Level 1:colcon.colcon_core.package_discovery:discover_packages(path) check parameters
[0.207s] Level 1:colcon.colcon_core.package_discovery:discover_packages(colcon_meta) discover
[0.207s] Level 1:colcon.colcon_core.package_discovery:discover_packages(recursive) discover
[0.207s] INFO:colcon.colcon_core.package_discovery:Crawling recursively for packages in '/ros2_ws'
[0.207s] Level 1:colcon.colcon_core.package_identification:_identify(.) by extensions ['ignore', 'ignore_ament_install']
[0.207s] Level 1:colcon.colcon_core.package_identification:_identify(.) by extension 'ignore'
[0.207s] Level 1:colcon.colcon_core.package_identification:_identify(.) by extension 'ignore_ament_install'
[0.207s] Level 1:colcon.colcon_core.package_identification:_identify(.) by extensions ['colcon_pkg']
[0.207s] Level 1:colcon.colcon_core.package_identification:_identify(.) by extension 'colcon_pkg'
[0.207s] Level 1:colcon.colcon_core.package_identification:_identify(.) by extensions ['colcon_meta']
[0.207s] Level 1:colcon.colcon_core.package_identification:_identify(.) by extension 'colcon_meta'
[0.207s] Level 1:colcon.colcon_core.package_identification:_identify(.) by extensions ['ros']
[0.207s] Level 1:colcon.colcon_core.package_identification:_identify(.) by extension 'ros'
[0.216s] Level 1:colcon.colcon_core.package_identification:_identify(.) by extensions ['cmake', 'python']
[0.216s] Level 1:colcon.colcon_core.package_identification:_identify(.) by extension 'cmake'
[0.216s] Level 1:colcon.colcon_core.package_identification:_identify(.) by extension 'python'
[0.216s] Level 1:colcon.colcon_core.package_identification:_identify(.) by extensions ['python_setup_py']
[0.216s] Level 1:colcon.colcon_core.package_identification:_identify(.) by extension 'python_setup_py'
[0.216s] Level 1:colcon.colcon_core.package_identification:_identify(build) by extensions ['ignore', 'ignore_ament_install']
[0.217s] Level 1:colcon.colcon_core.package_identification:_identify(build) by extension 'ignore'
[0.217s] Level 1:colcon.colcon_core.package_identification:_identify(build) ignored
[0.217s] Level 1:colcon.colcon_core.package_identification:_identify(install) by extensions ['ignore', 'ignore_ament_install']
[0.217s] Level 1:colcon.colcon_core.package_identification:_identify(install) by extension 'ignore'
[0.217s] Level 1:colcon.colcon_core.package_identification:_identify(install) ignored
[0.217s] Level 1:colcon.colcon_core.package_identification:_identify(log) by extensions ['ignore', 'ignore_ament_install']
[0.217s] Level 1:colcon.colcon_core.package_identification:_identify(log) by extension 'ignore'
[0.217s] Level 1:colcon.colcon_core.package_identification:_identify(log) ignored
[0.217s] Level 1:colcon.colcon_core.package_identification:_identify(src) by extensions ['ignore', 'ignore_ament_install']
[0.217s] Level 1:colcon.colcon_core.package_identification:_identify(src) by extension 'ignore'
[0.217s] Level 1:colcon.colcon_core.package_identification:_identify(src) by extension 'ignore_ament_install'
[0.217s] Level 1:colcon.colcon_core.package_identification:_identify(src) by extensions ['colcon_pkg']
[0.217s] Level 1:colcon.colcon_core.package_identification:_identify(src) by extension 'colcon_pkg'
[0.217s] Level 1:colcon.colcon_core.package_identification:_identify(src) by extensions ['colcon_meta']
[0.217s] Level 1:colcon.colcon_core.package_identification:_identify(src) by extension 'colcon_meta'
[0.217s] Level 1:colcon.colcon_core.package_identification:_identify(src) by extensions ['ros']
[0.217s] Level 1:colcon.colcon_core.package_identification:_identify(src) by extension 'ros'
[0.217s] Level 1:colcon.colcon_core.package_identification:_identify(src) by extensions ['cmake', 'python']
[0.217s] Level 1:colcon.colcon_core.package_identification:_identify(src) by extension 'cmake'
[0.217s] Level 1:colcon.colcon_core.package_identification:_identify(src) by extension 'python'
[0.217s] Level 1:colcon.colcon_core.package_identification:_identify(src) by extensions ['python_setup_py']
[0.217s] Level 1:colcon.colcon_core.package_identification:_identify(src) by extension 'python_setup_py'
[0.218s] Level 1:colcon.colcon_core.package_identification:_identify(src/build) by extensions ['ignore', 'ignore_ament_install']
[0.218s] Level 1:colcon.colcon_core.package_identification:_identify(src/build) by extension 'ignore'
[0.218s] Level 1:colcon.colcon_core.package_identification:_identify(src/build) ignored
[0.218s] Level 1:colcon.colcon_core.package_identification:_identify(src/cam_decoder) by extensions ['ignore', 'ignore_ament_install']
[0.218s] Level 1:colcon.colcon_core.package_identification:_identify(src/cam_decoder) by extension 'ignore'
[0.218s] Level 1:colcon.colcon_core.package_identification:_identify(src/cam_decoder) by extension 'ignore_ament_install'
[0.218s] Level 1:colcon.colcon_core.package_identification:_identify(src/cam_decoder) by extensions ['colcon_pkg']
[0.218s] Level 1:colcon.colcon_core.package_identification:_identify(src/cam_decoder) by extension 'colcon_pkg'
[0.218s] Level 1:colcon.colcon_core.package_identification:_identify(src/cam_decoder) by extensions ['colcon_meta']
[0.218s] Level 1:colcon.colcon_core.package_identification:_identify(src/cam_decoder) by extension 'colcon_meta'
[0.218s] Level 1:colcon.colcon_core.package_identification:_identify(src/cam_decoder) by extensions ['ros']
[0.218s] Level 1:colcon.colcon_core.package_identification:_identify(src/cam_decoder) by extension 'ros'
[0.218s] Level 1:colcon.colcon_core.package_identification:_identify(src/cam_decoder) by extensions ['cmake', 'python']
[0.218s] Level 1:colcon.colcon_core.package_identification:_identify(src/cam_decoder) by extension 'cmake'
[0.218s] Level 1:colcon.colcon_core.package_identification:_identify(src/cam_decoder) by extension 'python'
[0.218s] Level 1:colcon.colcon_core.package_identification:_identify(src/cam_decoder) by extensions ['python_setup_py']
[0.218s] Level 1:colcon.colcon_core.package_identification:_identify(src/cam_decoder) by extension 'python_setup_py'
[0.218s] Level 1:colcon.colcon_core.package_identification:_identify(src/cam_decoder/src) by extensions ['ignore', 'ignore_ament_install']
[0.218s] Level 1:colcon.colcon_core.package_identification:_identify(src/cam_decoder/src) by extension 'ignore'
[0.218s] Level 1:colcon.colcon_core.package_identification:_identify(src/cam_decoder/src) by extension 'ignore_ament_install'
[0.218s] Level 1:colcon.colcon_core.package_identification:_identify(src/cam_decoder/src) by extensions ['colcon_pkg']
[0.218s] Level 1:colcon.colcon_core.package_identification:_identify(src/cam_decoder/src) by extension 'colcon_pkg'
[0.218s] Level 1:colcon.colcon_core.package_identification:_identify(src/cam_decoder/src) by extensions ['colcon_meta']
[0.218s] Level 1:colcon.colcon_core.package_identification:_identify(src/cam_decoder/src) by extension 'colcon_meta'
[0.218s] Level 1:colcon.colcon_core.package_identification:_identify(src/cam_decoder/src) by extensions ['ros']
[0.218s] Level 1:colcon.colcon_core.package_identification:_identify(src/cam_decoder/src) by extension 'ros'
[0.219s] Level 1:colcon.colcon_core.package_identification:_identify(src/cam_decoder/src) by extensions ['cmake', 'python']
[0.219s] Level 1:colcon.colcon_core.package_identification:_identify(src/cam_decoder/src) by extension 'cmake'
[0.219s] Level 1:colcon.colcon_core.package_identification:_identify(src/cam_decoder/src) by extension 'python'
[0.219s] Level 1:colcon.colcon_core.package_identification:_identify(src/cam_decoder/src) by extensions ['python_setup_py']
[0.219s] Level 1:colcon.colcon_core.package_identification:_identify(src/cam_decoder/src) by extension 'python_setup_py'
[0.219s] Level 1:colcon.colcon_core.package_identification:_identify(src/install) by extensions ['ignore', 'ignore_ament_install']
[0.219s] Level 1:colcon.colcon_core.package_identification:_identify(src/install) by extension 'ignore'
[0.219s] Level 1:colcon.colcon_core.package_identification:_identify(src/install) ignored
[0.219s] Level 1:colcon.colcon_core.package_identification:_identify(src/log) by extensions ['ignore', 'ignore_ament_install']
[0.219s] Level 1:colcon.colcon_core.package_identification:_identify(src/log) by extension 'ignore'
[0.219s] Level 1:colcon.colcon_core.package_identification:_identify(src/log) ignored
[0.219s] Level 1:colcon.colcon_core.package_identification:_identify(src/ros2-aruco-pose-estimation) by extensions ['ignore', 'ignore_ament_install']
[0.219s] Level 1:colcon.colcon_core.package_identification:_identify(src/ros2-aruco-pose-estimation) by extension 'ignore'
[0.219s] Level 1:colcon.colcon_core.package_identification:_identify(src/ros2-aruco-pose-estimation) by extension 'ignore_ament_install'
[0.219s] Level 1:colcon.colcon_core.package_identification:_identify(src/ros2-aruco-pose-estimation) by extensions ['colcon_pkg']
[0.219s] Level 1:colcon.colcon_core.package_identification:_identify(src/ros2-aruco-pose-estimation) by extension 'colcon_pkg'
[0.219s] Level 1:colcon.colcon_core.package_identification:_identify(src/ros2-aruco-pose-estimation) by extensions ['colcon_meta']
[0.219s] Level 1:colcon.colcon_core.package_identification:_identify(src/ros2-aruco-pose-estimation) by extension 'colcon_meta'
[0.219s] Level 1:colcon.colcon_core.package_identification:_identify(src/ros2-aruco-pose-estimation) by extensions ['ros']
[0.219s] Level 1:colcon.colcon_core.package_identification:_identify(src/ros2-aruco-pose-estimation) by extension 'ros'
[0.219s] Level 1:colcon.colcon_core.package_identification:_identify(src/ros2-aruco-pose-estimation) by extensions ['cmake', 'python']
[0.219s] Level 1:colcon.colcon_core.package_identification:_identify(src/ros2-aruco-pose-estimation) by extension 'cmake'
[0.219s] Level 1:colcon.colcon_core.package_identification:_identify(src/ros2-aruco-pose-estimation) by extension 'python'
[0.219s] Level 1:colcon.colcon_core.package_identification:_identify(src/ros2-aruco-pose-estimation) by extensions ['python_setup_py']
[0.219s] Level 1:colcon.colcon_core.package_identification:_identify(src/ros2-aruco-pose-estimation) by extension 'python_setup_py'
[0.220s] Level 1:colcon.colcon_core.package_identification:_identify(src/ros2-aruco-pose-estimation/aruco_interfaces) by extensions ['ignore', 'ignore_ament_install']
[0.220s] Level 1:colcon.colcon_core.package_identification:_identify(src/ros2-aruco-pose-estimation/aruco_interfaces) by extension 'ignore'
[0.220s] Level 1:colcon.colcon_core.package_identification:_identify(src/ros2-aruco-pose-estimation/aruco_interfaces) by extension 'ignore_ament_install'
[0.220s] Level 1:colcon.colcon_core.package_identification:_identify(src/ros2-aruco-pose-estimation/aruco_interfaces) by extensions ['colcon_pkg']
[0.220s] Level 1:colcon.colcon_core.package_identification:_identify(src/ros2-aruco-pose-estimation/aruco_interfaces) by extension 'colcon_pkg'
[0.220s] Level 1:colcon.colcon_core.package_identification:_identify(src/ros2-aruco-pose-estimation/aruco_interfaces) by extensions ['colcon_meta']
[0.220s] Level 1:colcon.colcon_core.package_identification:_identify(src/ros2-aruco-pose-estimation/aruco_interfaces) by extension 'colcon_meta'
[0.220s] Level 1:colcon.colcon_core.package_identification:_identify(src/ros2-aruco-pose-estimation/aruco_interfaces) by extensions ['ros']
[0.220s] Level 1:colcon.colcon_core.package_identification:_identify(src/ros2-aruco-pose-estimation/aruco_interfaces) by extension 'ros'
[0.222s] DEBUG:colcon.colcon_core.package_identification:Package 'src/ros2-aruco-pose-estimation/aruco_interfaces' with type 'ros.ament_cmake' and name 'aruco_interfaces'
[0.222s] Level 1:colcon.colcon_core.package_identification:_identify(src/ros2-aruco-pose-estimation/aruco_pose_estimation) by extensions ['ignore', 'ignore_ament_install']
[0.222s] Level 1:colcon.colcon_core.package_identification:_identify(src/ros2-aruco-pose-estimation/aruco_pose_estimation) by extension 'ignore'
[0.222s] Level 1:colcon.colcon_core.package_identification:_identify(src/ros2-aruco-pose-estimation/aruco_pose_estimation) by extension 'ignore_ament_install'
[0.222s] Level 1:colcon.colcon_core.package_identification:_identify(src/ros2-aruco-pose-estimation/aruco_pose_estimation) by extensions ['colcon_pkg']
[0.222s] Level 1:colcon.colcon_core.package_identification:_identify(src/ros2-aruco-pose-estimation/aruco_pose_estimation) by extension 'colcon_pkg'
[0.222s] Level 1:colcon.colcon_core.package_identification:_identify(src/ros2-aruco-pose-estimation/aruco_pose_estimation) by extensions ['colcon_meta']
[0.222s] Level 1:colcon.colcon_core.package_identification:_identify(src/ros2-aruco-pose-estimation/aruco_pose_estimation) by extension 'colcon_meta'
[0.222s] Level 1:colcon.colcon_core.package_identification:_identify(src/ros2-aruco-pose-estimation/aruco_pose_estimation) by extensions ['ros']
[0.222s] Level 1:colcon.colcon_core.package_identification:_identify(src/ros2-aruco-pose-estimation/aruco_pose_estimation) by extension 'ros'
[0.223s] DEBUG:colcon.colcon_core.package_identification:Package 'src/ros2-aruco-pose-estimation/aruco_pose_estimation' with type 'ros.ament_cmake' and name 'aruco_pose_estimation'
[0.223s] Level 1:colcon.colcon_core.package_discovery:discover_packages(recursive) using defaults
[0.223s] Level 1:colcon.colcon_core.package_discovery:discover_packages(ignore) discover
[0.223s] Level 1:colcon.colcon_core.package_discovery:discover_packages(ignore) using defaults
[0.223s] Level 1:colcon.colcon_core.package_discovery:discover_packages(path) discover
[0.223s] Level 1:colcon.colcon_core.package_discovery:discover_packages(path) using defaults
[0.239s] Level 5:colcon.colcon_core.verb:set package 'aruco_interfaces' build argument 'cmake_args' from command line to 'None'
[0.239s] Level 5:colcon.colcon_core.verb:set package 'aruco_interfaces' build argument 'cmake_target' from command line to 'None'
[0.239s] Level 5:colcon.colcon_core.verb:set package 'aruco_interfaces' build argument 'cmake_target_skip_unavailable' from command line to 'False'
[0.239s] Level 5:colcon.colcon_core.verb:set package 'aruco_interfaces' build argument 'cmake_clean_cache' from command line to 'False'
[0.239s] Level 5:colcon.colcon_core.verb:set package 'aruco_interfaces' build argument 'cmake_clean_first' from command line to 'False'
[0.239s] Level 5:colcon.colcon_core.verb:set package 'aruco_interfaces' build argument 'cmake_force_configure' from command line to 'False'
[0.239s] Level 5:colcon.colcon_core.verb:set package 'aruco_interfaces' build argument 'ament_cmake_args' from command line to 'None'
[0.239s] Level 5:colcon.colcon_core.verb:set package 'aruco_interfaces' build argument 'catkin_cmake_args' from command line to 'None'
[0.239s] Level 5:colcon.colcon_core.verb:set package 'aruco_interfaces' build argument 'catkin_skip_building_tests' from command line to 'False'
[0.239s] DEBUG:colcon.colcon_core.verb:Building package 'aruco_interfaces' with the following arguments: {'ament_cmake_args': None, 'build_base': '/ros2_ws/build/aruco_interfaces', 'catkin_cmake_args': None, 'catkin_skip_building_tests': False, 'cmake_args': None, 'cmake_clean_cache': False, 'cmake_clean_first': False, 'cmake_force_configure': False, 'cmake_target': None, 'cmake_target_skip_unavailable': False, 'install_base': '/ros2_ws/install/aruco_interfaces', 'merge_install': False, 'path': '/ros2_ws/src/ros2-aruco-pose-estimation/aruco_interfaces', 'symlink_install': True, 'test_result_base': None}
[0.240s] Level 5:colcon.colcon_core.verb:set package 'aruco_pose_estimation' build argument 'cmake_args' from command line to 'None'
[0.240s] Level 5:colcon.colcon_core.verb:set package 'aruco_pose_estimation' build argument 'cmake_target' from command line to 'None'
[0.240s] Level 5:colcon.colcon_core.verb:set package 'aruco_pose_estimation' build argument 'cmake_target_skip_unavailable' from command line to 'False'
[0.240s] Level 5:colcon.colcon_core.verb:set package 'aruco_pose_estimation' build argument 'cmake_clean_cache' from command line to 'False'
[0.240s] Level 5:colcon.colcon_core.verb:set package 'aruco_pose_estimation' build argument 'cmake_clean_first' from command line to 'False'
[0.240s] Level 5:colcon.colcon_core.verb:set package 'aruco_pose_estimation' build argument 'cmake_force_configure' from command line to 'False'
[0.240s] Level 5:colcon.colcon_core.verb:set package 'aruco_pose_estimation' build argument 'ament_cmake_args' from command line to 'None'
[0.240s] Level 5:colcon.colcon_core.verb:set package 'aruco_pose_estimation' build argument 'catkin_cmake_args' from command line to 'None'
[0.240s] Level 5:colcon.colcon_core.verb:set package 'aruco_pose_estimation' build argument 'catkin_skip_building_tests' from command line to 'False'
[0.240s] DEBUG:colcon.colcon_core.verb:Building package 'aruco_pose_estimation' with the following arguments: {'ament_cmake_args': None, 'build_base': '/ros2_ws/build/aruco_pose_estimation', 'catkin_cmake_args': None, 'catkin_skip_building_tests': False, 'cmake_args': None, 'cmake_clean_cache': False, 'cmake_clean_first': False, 'cmake_force_configure': False, 'cmake_target': None, 'cmake_target_skip_unavailable': False, 'install_base': '/ros2_ws/install/aruco_pose_estimation', 'merge_install': False, 'path': '/ros2_ws/src/ros2-aruco-pose-estimation/aruco_pose_estimation', 'symlink_install': True, 'test_result_base': None}
[0.240s] INFO:colcon.colcon_core.executor:Executing jobs using 'parallel' executor
[0.241s] DEBUG:colcon.colcon_parallel_executor.executor.parallel:run_until_complete
[0.241s] INFO:colcon.colcon_ros.task.ament_cmake.build:Building ROS package in '/ros2_ws/src/ros2-aruco-pose-estimation/aruco_interfaces' with build type 'ament_cmake'
[0.241s] INFO:colcon.colcon_cmake.task.cmake.build:Building CMake package in '/ros2_ws/src/ros2-aruco-pose-estimation/aruco_interfaces'
[0.244s] INFO:colcon.colcon_core.plugin_system:Skipping extension 'colcon_core.shell.bat': Not used on non-Windows systems
[0.244s] INFO:colcon.colcon_core.shell:Skip shell extension 'powershell' for command environment: Not usable outside of PowerShell
[0.244s] DEBUG:colcon.colcon_core.shell:Skip shell extension 'dsv' for command environment
[0.257s] DEBUG:colcon.colcon_core.event_handler.log_command:Invoking command in '/ros2_ws/build/aruco_interfaces': CMAKE_PREFIX_PATH=${CMAKE_PREFIX_PATH}:/opt/ros/humble /usr/bin/cmake --build /ros2_ws/build/aruco_interfaces -- -j24 -l24
[0.565s] DEBUG:colcon.colcon_core.event_handler.log_command:Invoked command in '/ros2_ws/build/aruco_interfaces' returned '0': CMAKE_PREFIX_PATH=${CMAKE_PREFIX_PATH}:/opt/ros/humble /usr/bin/cmake --build /ros2_ws/build/aruco_interfaces -- -j24 -l24
[0.574s] DEBUG:colcon.colcon_core.event_handler.log_command:Invoking command in '/ros2_ws/build/aruco_interfaces': CMAKE_PREFIX_PATH=${CMAKE_PREFIX_PATH}:/opt/ros/humble /usr/bin/cmake --install /ros2_ws/build/aruco_interfaces
[0.642s] Level 1:colcon.colcon_core.environment:create_environment_scripts_only(aruco_interfaces)
[0.643s] DEBUG:colcon.colcon_core.event_handler.log_command:Invoked command in '/ros2_ws/build/aruco_interfaces' returned '0': CMAKE_PREFIX_PATH=${CMAKE_PREFIX_PATH}:/opt/ros/humble /usr/bin/cmake --install /ros2_ws/build/aruco_interfaces
[0.646s] Level 1:colcon.colcon_core.environment:checking '/ros2_ws/install/aruco_interfaces' for CMake module files
[0.648s] Level 1:colcon.colcon_core.environment:checking '/ros2_ws/install/aruco_interfaces' for CMake config files
[0.649s] Level 1:colcon.colcon_core.shell:create_environment_hook('aruco_interfaces', 'cmake_prefix_path')
[0.649s] INFO:colcon.colcon_core.shell:Creating environment hook '/ros2_ws/install/aruco_interfaces/share/aruco_interfaces/hook/cmake_prefix_path.ps1'
[0.650s] INFO:colcon.colcon_core.shell:Creating environment descriptor '/ros2_ws/install/aruco_interfaces/share/aruco_interfaces/hook/cmake_prefix_path.dsv'
[0.650s] INFO:colcon.colcon_core.shell:Creating environment hook '/ros2_ws/install/aruco_interfaces/share/aruco_interfaces/hook/cmake_prefix_path.sh'
[0.651s] Level 1:colcon.colcon_core.environment:checking '/ros2_ws/install/aruco_interfaces/lib'
[0.651s] Level 1:colcon.colcon_core.shell:create_environment_hook('aruco_interfaces', 'ld_library_path_lib')
[0.652s] INFO:colcon.colcon_core.shell:Creating environment hook '/ros2_ws/install/aruco_interfaces/share/aruco_interfaces/hook/ld_library_path_lib.ps1'
[0.652s] INFO:colcon.colcon_core.shell:Creating environment descriptor '/ros2_ws/install/aruco_interfaces/share/aruco_interfaces/hook/ld_library_path_lib.dsv'
[0.652s] INFO:colcon.colcon_core.shell:Creating environment hook '/ros2_ws/install/aruco_interfaces/share/aruco_interfaces/hook/ld_library_path_lib.sh'
[0.653s] Level 1:colcon.colcon_core.environment:checking '/ros2_ws/install/aruco_interfaces/bin'
[0.653s] Level 1:colcon.colcon_core.environment:checking '/ros2_ws/install/aruco_interfaces/lib/pkgconfig/aruco_interfaces.pc'
[0.654s] Level 1:colcon.colcon_core.environment:checking '/ros2_ws/install/aruco_interfaces/lib/python3.10/site-packages'
[0.655s] Level 1:colcon.colcon_core.environment:checking '/ros2_ws/install/aruco_interfaces/bin'
[0.655s] INFO:colcon.colcon_core.shell:Creating package script '/ros2_ws/install/aruco_interfaces/share/aruco_interfaces/package.ps1'
[0.656s] INFO:colcon.colcon_core.shell:Creating package descriptor '/ros2_ws/install/aruco_interfaces/share/aruco_interfaces/package.dsv'
[0.656s] INFO:colcon.colcon_core.shell:Creating package script '/ros2_ws/install/aruco_interfaces/share/aruco_interfaces/package.sh'
[0.657s] INFO:colcon.colcon_core.shell:Creating package script '/ros2_ws/install/aruco_interfaces/share/aruco_interfaces/package.bash'
[0.658s] INFO:colcon.colcon_core.shell:Creating package script '/ros2_ws/install/aruco_interfaces/share/aruco_interfaces/package.zsh'
[0.658s] Level 1:colcon.colcon_core.environment:create_file_with_runtime_dependencies(/ros2_ws/install/aruco_interfaces/share/colcon-core/packages/aruco_interfaces)
[0.659s] Level 1:colcon.colcon_core.environment:create_environment_scripts_only(aruco_interfaces)
[0.659s] Level 1:colcon.colcon_core.environment:checking '/ros2_ws/install/aruco_interfaces' for CMake module files
[0.660s] Level 1:colcon.colcon_core.environment:checking '/ros2_ws/install/aruco_interfaces' for CMake config files
[0.661s] Level 1:colcon.colcon_core.shell:create_environment_hook('aruco_interfaces', 'cmake_prefix_path')
[0.661s] INFO:colcon.colcon_core.shell:Creating environment hook '/ros2_ws/install/aruco_interfaces/share/aruco_interfaces/hook/cmake_prefix_path.ps1'
[0.661s] INFO:colcon.colcon_core.shell:Creating environment descriptor '/ros2_ws/install/aruco_interfaces/share/aruco_interfaces/hook/cmake_prefix_path.dsv'
[0.661s] INFO:colcon.colcon_core.shell:Creating environment hook '/ros2_ws/install/aruco_interfaces/share/aruco_interfaces/hook/cmake_prefix_path.sh'
[0.662s] Level 1:colcon.colcon_core.environment:checking '/ros2_ws/install/aruco_interfaces/lib'
[0.662s] Level 1:colcon.colcon_core.shell:create_environment_hook('aruco_interfaces', 'ld_library_path_lib')
[0.662s] INFO:colcon.colcon_core.shell:Creating environment hook '/ros2_ws/install/aruco_interfaces/share/aruco_interfaces/hook/ld_library_path_lib.ps1'
[0.662s] INFO:colcon.colcon_core.shell:Creating environment descriptor '/ros2_ws/install/aruco_interfaces/share/aruco_interfaces/hook/ld_library_path_lib.dsv'
[0.663s] INFO:colcon.colcon_core.shell:Creating environment hook '/ros2_ws/install/aruco_interfaces/share/aruco_interfaces/hook/ld_library_path_lib.sh'
[0.663s] Level 1:colcon.colcon_core.environment:checking '/ros2_ws/install/aruco_interfaces/bin'
[0.663s] Level 1:colcon.colcon_core.environment:checking '/ros2_ws/install/aruco_interfaces/lib/pkgconfig/aruco_interfaces.pc'
[0.663s] Level 1:colcon.colcon_core.environment:checking '/ros2_ws/install/aruco_interfaces/lib/python3.10/site-packages'
[0.663s] Level 1:colcon.colcon_core.environment:checking '/ros2_ws/install/aruco_interfaces/bin'
[0.664s] INFO:colcon.colcon_core.shell:Creating package script '/ros2_ws/install/aruco_interfaces/share/aruco_interfaces/package.ps1'
[0.664s] INFO:colcon.colcon_core.shell:Creating package descriptor '/ros2_ws/install/aruco_interfaces/share/aruco_interfaces/package.dsv'
[0.664s] INFO:colcon.colcon_core.shell:Creating package script '/ros2_ws/install/aruco_interfaces/share/aruco_interfaces/package.sh'
[0.665s] INFO:colcon.colcon_core.shell:Creating package script '/ros2_ws/install/aruco_interfaces/share/aruco_interfaces/package.bash'
[0.665s] INFO:colcon.colcon_core.shell:Creating package script '/ros2_ws/install/aruco_interfaces/share/aruco_interfaces/package.zsh'
[0.666s] Level 1:colcon.colcon_core.environment:create_file_with_runtime_dependencies(/ros2_ws/install/aruco_interfaces/share/colcon-core/packages/aruco_interfaces)
[0.666s] INFO:colcon.colcon_ros.task.ament_cmake.build:Building ROS package in '/ros2_ws/src/ros2-aruco-pose-estimation/aruco_pose_estimation' with build type 'ament_cmake'
[0.666s] INFO:colcon.colcon_cmake.task.cmake.build:Building CMake package in '/ros2_ws/src/ros2-aruco-pose-estimation/aruco_pose_estimation'
[0.666s] INFO:colcon.colcon_core.shell:Skip shell extension 'powershell' for command environment: Not usable outside of PowerShell
[0.666s] DEBUG:colcon.colcon_core.shell:Skip shell extension 'dsv' for command environment
[0.683s] DEBUG:colcon.colcon_core.event_handler.log_command:Invoking command in '/ros2_ws/build/aruco_pose_estimation': CMAKE_PREFIX_PATH=/ros2_ws/install/aruco_interfaces:/ros2_ws/install/aruco_pose_estimation:/opt/ros/humble /usr/bin/cmake --build /ros2_ws/build/aruco_pose_estimation -- -j24 -l24
[0.990s] DEBUG:colcon.colcon_core.event_handler.log_command:Invoked command in '/ros2_ws/build/aruco_pose_estimation' returned '0': CMAKE_PREFIX_PATH=/ros2_ws/install/aruco_interfaces:/ros2_ws/install/aruco_pose_estimation:/opt/ros/humble /usr/bin/cmake --build /ros2_ws/build/aruco_pose_estimation -- -j24 -l24
[0.993s] DEBUG:colcon.colcon_core.event_handler.log_command:Invoking command in '/ros2_ws/build/aruco_pose_estimation': CMAKE_PREFIX_PATH=/ros2_ws/install/aruco_interfaces:/ros2_ws/install/aruco_pose_estimation:/opt/ros/humble /usr/bin/cmake --install /ros2_ws/build/aruco_pose_estimation
[1.052s] Level 1:colcon.colcon_core.environment:create_environment_scripts_only(aruco_pose_estimation)
[1.052s] Level 1:colcon.colcon_core.environment:checking '/ros2_ws/install/aruco_pose_estimation' for CMake module files
[1.053s] DEBUG:colcon.colcon_core.event_handler.log_command:Invoked command in '/ros2_ws/build/aruco_pose_estimation' returned '0': CMAKE_PREFIX_PATH=/ros2_ws/install/aruco_interfaces:/ros2_ws/install/aruco_pose_estimation:/opt/ros/humble /usr/bin/cmake --install /ros2_ws/build/aruco_pose_estimation
[1.053s] Level 1:colcon.colcon_core.environment:checking '/ros2_ws/install/aruco_pose_estimation' for CMake config files
[1.054s] Level 1:colcon.colcon_core.shell:create_environment_hook('aruco_pose_estimation', 'cmake_prefix_path')
[1.054s] INFO:colcon.colcon_core.shell:Creating environment hook '/ros2_ws/install/aruco_pose_estimation/share/aruco_pose_estimation/hook/cmake_prefix_path.ps1'
[1.055s] INFO:colcon.colcon_core.shell:Creating environment descriptor '/ros2_ws/install/aruco_pose_estimation/share/aruco_pose_estimation/hook/cmake_prefix_path.dsv'
[1.055s] INFO:colcon.colcon_core.shell:Creating environment hook '/ros2_ws/install/aruco_pose_estimation/share/aruco_pose_estimation/hook/cmake_prefix_path.sh'
[1.055s] Level 1:colcon.colcon_core.environment:checking '/ros2_ws/install/aruco_pose_estimation/lib'
[1.056s] Level 1:colcon.colcon_core.environment:checking '/ros2_ws/install/aruco_pose_estimation/bin'
[1.056s] Level 1:colcon.colcon_core.environment:checking '/ros2_ws/install/aruco_pose_estimation/lib/pkgconfig/aruco_pose_estimation.pc'
[1.056s] Level 1:colcon.colcon_core.environment:checking '/ros2_ws/install/aruco_pose_estimation/lib/python3.10/site-packages'
[1.056s] Level 1:colcon.colcon_core.environment:checking '/ros2_ws/install/aruco_pose_estimation/bin'
[1.056s] INFO:colcon.colcon_core.shell:Creating package script '/ros2_ws/install/aruco_pose_estimation/share/aruco_pose_estimation/package.ps1'
[1.057s] INFO:colcon.colcon_core.shell:Creating package descriptor '/ros2_ws/install/aruco_pose_estimation/share/aruco_pose_estimation/package.dsv'
[1.057s] INFO:colcon.colcon_core.shell:Creating package script '/ros2_ws/install/aruco_pose_estimation/share/aruco_pose_estimation/package.sh'
[1.057s] INFO:colcon.colcon_core.shell:Creating package script '/ros2_ws/install/aruco_pose_estimation/share/aruco_pose_estimation/package.bash'
[1.058s] INFO:colcon.colcon_core.shell:Creating package script '/ros2_ws/install/aruco_pose_estimation/share/aruco_pose_estimation/package.zsh'
[1.058s] Level 1:colcon.colcon_core.environment:create_file_with_runtime_dependencies(/ros2_ws/install/aruco_pose_estimation/share/colcon-core/packages/aruco_pose_estimation)
[1.058s] Level 1:colcon.colcon_core.environment:create_environment_scripts_only(aruco_pose_estimation)
[1.059s] Level 1:colcon.colcon_core.environment:checking '/ros2_ws/install/aruco_pose_estimation' for CMake module files
[1.059s] Level 1:colcon.colcon_core.environment:checking '/ros2_ws/install/aruco_pose_estimation' for CMake config files
[1.060s] Level 1:colcon.colcon_core.shell:create_environment_hook('aruco_pose_estimation', 'cmake_prefix_path')
[1.060s] INFO:colcon.colcon_core.shell:Creating environment hook '/ros2_ws/install/aruco_pose_estimation/share/aruco_pose_estimation/hook/cmake_prefix_path.ps1'
[1.060s] INFO:colcon.colcon_core.shell:Creating environment descriptor '/ros2_ws/install/aruco_pose_estimation/share/aruco_pose_estimation/hook/cmake_prefix_path.dsv'
[1.060s] INFO:colcon.colcon_core.shell:Creating environment hook '/ros2_ws/install/aruco_pose_estimation/share/aruco_pose_estimation/hook/cmake_prefix_path.sh'
[1.062s] Level 1:colcon.colcon_core.environment:checking '/ros2_ws/install/aruco_pose_estimation/lib'
[1.062s] Level 1:colcon.colcon_core.environment:checking '/ros2_ws/install/aruco_pose_estimation/bin'
[1.062s] Level 1:colcon.colcon_core.environment:checking '/ros2_ws/install/aruco_pose_estimation/lib/pkgconfig/aruco_pose_estimation.pc'
[1.062s] Level 1:colcon.colcon_core.environment:checking '/ros2_ws/install/aruco_pose_estimation/lib/python3.10/site-packages'
[1.062s] Level 1:colcon.colcon_core.environment:checking '/ros2_ws/install/aruco_pose_estimation/bin'
[1.063s] INFO:colcon.colcon_core.shell:Creating package script '/ros2_ws/install/aruco_pose_estimation/share/aruco_pose_estimation/package.ps1'
[1.063s] INFO:colcon.colcon_core.shell:Creating package descriptor '/ros2_ws/install/aruco_pose_estimation/share/aruco_pose_estimation/package.dsv'
[1.063s] INFO:colcon.colcon_core.shell:Creating package script '/ros2_ws/install/aruco_pose_estimation/share/aruco_pose_estimation/package.sh'
[1.064s] INFO:colcon.colcon_core.shell:Creating package script '/ros2_ws/install/aruco_pose_estimation/share/aruco_pose_estimation/package.bash'
[1.064s] INFO:colcon.colcon_core.shell:Creating package script '/ros2_ws/install/aruco_pose_estimation/share/aruco_pose_estimation/package.zsh'
[1.064s] Level 1:colcon.colcon_core.environment:create_file_with_runtime_dependencies(/ros2_ws/install/aruco_pose_estimation/share/colcon-core/packages/aruco_pose_estimation)
[1.065s] DEBUG:colcon.colcon_parallel_executor.executor.parallel:closing loop
[1.065s] DEBUG:colcon.colcon_parallel_executor.executor.parallel:loop closed
[1.065s] DEBUG:colcon.colcon_parallel_executor.executor.parallel:run_until_complete finished with '0'
[1.065s] DEBUG:colcon.colcon_core.event_reactor:joining thread
[1.081s] INFO:colcon.colcon_core.plugin_system:Skipping extension 'colcon_notification.desktop_notification.notify_send': Could not find 'notify-send'
[1.081s] INFO:colcon.colcon_core.plugin_system:Skipping extension 'colcon_notification.desktop_notification.terminal_notifier': Not used on non-Darwin systems
[1.081s] INFO:colcon.colcon_core.plugin_system:Skipping extension 'colcon_notification.desktop_notification.win32': Not used on non-Windows systems
[1.081s] INFO:colcon.colcon_notification.desktop_notification:Sending desktop notification using 'notify2'
[1.084s] DEBUG:colcon.colcon_notification.desktop_notification.notify2:Failed to initialize notify2: org.freedesktop.DBus.Error.Spawn.ExecFailed: /usr/bin/dbus-launch terminated abnormally without any error message
[1.084s] DEBUG:colcon.colcon_core.event_reactor:joined thread
[1.085s] INFO:colcon.colcon_core.shell:Creating prefix script '/ros2_ws/install/local_setup.ps1'
[1.086s] INFO:colcon.colcon_core.shell:Creating prefix util module '/ros2_ws/install/_local_setup_util_ps1.py'
[1.087s] INFO:colcon.colcon_core.shell:Creating prefix chain script '/ros2_ws/install/setup.ps1'
[1.088s] INFO:colcon.colcon_core.shell:Creating prefix script '/ros2_ws/install/local_setup.sh'
[1.089s] INFO:colcon.colcon_core.shell:Creating prefix util module '/ros2_ws/install/_local_setup_util_sh.py'
[1.089s] INFO:colcon.colcon_core.shell:Creating prefix chain script '/ros2_ws/install/setup.sh'
[1.090s] INFO:colcon.colcon_core.shell:Creating prefix script '/ros2_ws/install/local_setup.bash'
[1.090s] INFO:colcon.colcon_core.shell:Creating prefix chain script '/ros2_ws/install/setup.bash'
[1.091s] INFO:colcon.colcon_core.shell:Creating prefix script '/ros2_ws/install/local_setup.zsh'
[1.092s] INFO:colcon.colcon_core.shell:Creating prefix chain script '/ros2_ws/install/setup.zsh'
