[0.015s] Invoking command in '/ros2_ws/build/aruco_interfaces': CMAKE_PREFIX_PATH=${CMAKE_PREFIX_PATH}:/opt/ros/humble /usr/bin/cmake --build /ros2_ws/build/aruco_interfaces -- -j24 -l24
[0.083s] [  3%] Built target aruco_interfaces__cpp
[0.085s] [ 12%] Built target aruco_interfaces__rosidl_generator_c
[0.092s] [ 12%] Built target ament_cmake_python_symlink_aruco_interfaces
[0.106s] [ 41%] Built target aruco_interfaces__rosidl_typesupport_c
[0.106s] [ 41%] Built target aruco_interfaces__rosidl_typesupport_introspection_c
[0.106s] [ 41%] Built target aruco_interfaces__rosidl_typesupport_introspection_cpp
[0.106s] [ 51%] Built target aruco_interfaces__rosidl_typesupport_fastrtps_c
[0.106s] [ 61%] Built target aruco_interfaces__rosidl_typesupport_fastrtps_cpp
[0.107s] [ 70%] Built target aruco_interfaces__rosidl_typesupport_cpp
[0.126s] [ 70%] Built target aruco_interfaces
[0.145s] [ 74%] Built target aruco_interfaces__py
[0.169s] [ 80%] Built target aruco_interfaces__rosidl_generator_py
[0.196s] [ 87%] Built target aruco_interfaces__rosidl_typesupport_c__pyext
[0.196s] [ 93%] Built target aruco_interfaces__rosidl_typesupport_introspection_c__pyext
[0.198s] [100%] Built target aruco_interfaces__rosidl_typesupport_fastrtps_c__pyext
[0.281s] running egg_info
[0.282s] writing aruco_interfaces.egg-info/PKG-INFO
[0.282s] writing dependency_links to aruco_interfaces.egg-info/dependency_links.txt
[0.282s] writing top-level names to aruco_interfaces.egg-info/top_level.txt
[0.284s] reading manifest file 'aruco_interfaces.egg-info/SOURCES.txt'
[0.284s] writing manifest file 'aruco_interfaces.egg-info/SOURCES.txt'
[0.316s] [100%] Built target ament_cmake_python_build_aruco_interfaces_egg
[0.328s] Invoked command in '/ros2_ws/build/aruco_interfaces' returned '0': CMAKE_PREFIX_PATH=${CMAKE_PREFIX_PATH}:/opt/ros/humble /usr/bin/cmake --build /ros2_ws/build/aruco_interfaces -- -j24 -l24
[0.337s] Invoking command in '/ros2_ws/build/aruco_interfaces': CMAKE_PREFIX_PATH=${CMAKE_PREFIX_PATH}:/opt/ros/humble /usr/bin/cmake --install /ros2_ws/build/aruco_interfaces
[0.348s] -- Install configuration: ""
[0.349s] -- Execute custom install script
[0.349s] -- Up-to-date symlink: /ros2_ws/install/aruco_interfaces/share/ament_index/resource_index/rosidl_interfaces/aruco_interfaces
[0.349s] -- Up-to-date symlink: /ros2_ws/install/aruco_interfaces/include/aruco_interfaces/aruco_interfaces/msg/aruco_markers.h
[0.349s] -- Up-to-date symlink: /ros2_ws/install/aruco_interfaces/include/aruco_interfaces/aruco_interfaces/msg/detail/aruco_markers__functions.h
[0.349s] -- Up-to-date symlink: /ros2_ws/install/aruco_interfaces/include/aruco_interfaces/aruco_interfaces/msg/detail/aruco_markers__struct.h
[0.350s] -- Up-to-date symlink: /ros2_ws/install/aruco_interfaces/include/aruco_interfaces/aruco_interfaces/msg/detail/aruco_markers__type_support.h
[0.350s] -- Up-to-date symlink: /ros2_ws/install/aruco_interfaces/include/aruco_interfaces/aruco_interfaces/msg/rosidl_generator_c__visibility_control.h
[0.350s] -- Up-to-date symlink: /ros2_ws/install/aruco_interfaces/share/aruco_interfaces/environment/library_path.sh
[0.350s] -- Up-to-date symlink: /ros2_ws/install/aruco_interfaces/share/aruco_interfaces/environment/library_path.dsv
[0.350s] -- Up-to-date symlink: /ros2_ws/install/aruco_interfaces/include/aruco_interfaces/aruco_interfaces/msg/detail/aruco_markers__rosidl_typesupport_fastrtps_c.h
[0.350s] -- Up-to-date symlink: /ros2_ws/install/aruco_interfaces/include/aruco_interfaces/aruco_interfaces/msg/rosidl_typesupport_fastrtps_c__visibility_control.h
[0.351s] -- Up-to-date symlink: /ros2_ws/install/aruco_interfaces/include/aruco_interfaces/aruco_interfaces/msg/aruco_markers.hpp
[0.351s] -- Up-to-date symlink: /ros2_ws/install/aruco_interfaces/include/aruco_interfaces/aruco_interfaces/msg/detail/aruco_markers__builder.hpp
[0.351s] -- Up-to-date symlink: /ros2_ws/install/aruco_interfaces/include/aruco_interfaces/aruco_interfaces/msg/detail/aruco_markers__struct.hpp
[0.351s] -- Up-to-date symlink: /ros2_ws/install/aruco_interfaces/include/aruco_interfaces/aruco_interfaces/msg/detail/aruco_markers__traits.hpp
[0.351s] -- Up-to-date symlink: /ros2_ws/install/aruco_interfaces/include/aruco_interfaces/aruco_interfaces/msg/detail/aruco_markers__type_support.hpp
[0.351s] -- Up-to-date symlink: /ros2_ws/install/aruco_interfaces/include/aruco_interfaces/aruco_interfaces/msg/rosidl_generator_cpp__visibility_control.hpp
[0.352s] -- Up-to-date symlink: /ros2_ws/install/aruco_interfaces/include/aruco_interfaces/aruco_interfaces/msg/detail/aruco_markers__rosidl_typesupport_fastrtps_cpp.hpp
[0.352s] -- Up-to-date symlink: /ros2_ws/install/aruco_interfaces/include/aruco_interfaces/aruco_interfaces/msg/rosidl_typesupport_fastrtps_cpp__visibility_control.h
[0.352s] -- Up-to-date symlink: /ros2_ws/install/aruco_interfaces/include/aruco_interfaces/aruco_interfaces/msg/detail/aruco_markers__rosidl_typesupport_introspection_c.h
[0.352s] -- Up-to-date symlink: /ros2_ws/install/aruco_interfaces/include/aruco_interfaces/aruco_interfaces/msg/rosidl_typesupport_introspection_c__visibility_control.h
[0.353s] -- Up-to-date symlink: /ros2_ws/install/aruco_interfaces/include/aruco_interfaces/aruco_interfaces/msg/detail/aruco_markers__rosidl_typesupport_introspection_cpp.hpp
[0.353s] -- Up-to-date symlink: /ros2_ws/install/aruco_interfaces/share/aruco_interfaces/environment/pythonpath.sh
[0.353s] -- Up-to-date symlink: /ros2_ws/install/aruco_interfaces/share/aruco_interfaces/environment/pythonpath.dsv
[0.353s] -- Up-to-date symlink: /ros2_ws/install/aruco_interfaces/local/lib/python3.10/dist-packages/aruco_interfaces-0.1.0-py3.10.egg-info/PKG-INFO
[0.353s] -- Up-to-date symlink: /ros2_ws/install/aruco_interfaces/local/lib/python3.10/dist-packages/aruco_interfaces-0.1.0-py3.10.egg-info/SOURCES.txt
[0.353s] -- Up-to-date symlink: /ros2_ws/install/aruco_interfaces/local/lib/python3.10/dist-packages/aruco_interfaces-0.1.0-py3.10.egg-info/dependency_links.txt
[0.353s] -- Up-to-date symlink: /ros2_ws/install/aruco_interfaces/local/lib/python3.10/dist-packages/aruco_interfaces-0.1.0-py3.10.egg-info/top_level.txt
[0.354s] -- Up-to-date symlink: /ros2_ws/install/aruco_interfaces/local/lib/python3.10/dist-packages/aruco_interfaces/__init__.py
[0.354s] -- Up-to-date symlink: /ros2_ws/install/aruco_interfaces/local/lib/python3.10/dist-packages/aruco_interfaces/_aruco_interfaces_s.ep.rosidl_typesupport_c.c
[0.354s] -- Up-to-date symlink: /ros2_ws/install/aruco_interfaces/local/lib/python3.10/dist-packages/aruco_interfaces/_aruco_interfaces_s.ep.rosidl_typesupport_fastrtps_c.c
[0.354s] -- Up-to-date symlink: /ros2_ws/install/aruco_interfaces/local/lib/python3.10/dist-packages/aruco_interfaces/_aruco_interfaces_s.ep.rosidl_typesupport_introspection_c.c
[0.354s] -- Up-to-date symlink: /ros2_ws/install/aruco_interfaces/local/lib/python3.10/dist-packages/aruco_interfaces/aruco_interfaces_s__rosidl_typesupport_c.cpython-310-x86_64-linux-gnu.so
[0.354s] -- Up-to-date symlink: /ros2_ws/install/aruco_interfaces/local/lib/python3.10/dist-packages/aruco_interfaces/aruco_interfaces_s__rosidl_typesupport_fastrtps_c.cpython-310-x86_64-linux-gnu.so
[0.355s] -- Up-to-date symlink: /ros2_ws/install/aruco_interfaces/local/lib/python3.10/dist-packages/aruco_interfaces/aruco_interfaces_s__rosidl_typesupport_introspection_c.cpython-310-x86_64-linux-gnu.so
[0.355s] -- Up-to-date symlink: /ros2_ws/install/aruco_interfaces/local/lib/python3.10/dist-packages/aruco_interfaces/libaruco_interfaces__rosidl_generator_py.so
[0.355s] -- Up-to-date symlink: /ros2_ws/install/aruco_interfaces/local/lib/python3.10/dist-packages/aruco_interfaces/msg/__init__.py
[0.355s] -- Up-to-date symlink: /ros2_ws/install/aruco_interfaces/local/lib/python3.10/dist-packages/aruco_interfaces/msg/_aruco_markers.py
[0.355s] -- Up-to-date symlink: /ros2_ws/install/aruco_interfaces/local/lib/python3.10/dist-packages/aruco_interfaces/msg/_aruco_markers_s.c
[0.355s] -- Up-to-date symlink: /ros2_ws/install/aruco_interfaces/local/lib/python3.10/dist-packages/aruco_interfaces/aruco_interfaces_s__rosidl_typesupport_fastrtps_c.cpython-310-x86_64-linux-gnu.so
[0.355s] -- Up-to-date symlink: /ros2_ws/install/aruco_interfaces/local/lib/python3.10/dist-packages/aruco_interfaces/aruco_interfaces_s__rosidl_typesupport_introspection_c.cpython-310-x86_64-linux-gnu.so
[0.356s] -- Up-to-date symlink: /ros2_ws/install/aruco_interfaces/local/lib/python3.10/dist-packages/aruco_interfaces/aruco_interfaces_s__rosidl_typesupport_c.cpython-310-x86_64-linux-gnu.so
[0.356s] -- Up-to-date symlink: /ros2_ws/install/aruco_interfaces/share/aruco_interfaces/msg/ArucoMarkers.idl
[0.356s] -- Up-to-date symlink: /ros2_ws/install/aruco_interfaces/share/aruco_interfaces/msg/ArucoMarkers.msg
[0.356s] -- Up-to-date symlink: /ros2_ws/install/aruco_interfaces/share/ament_index/resource_index/package_run_dependencies/aruco_interfaces
[0.356s] -- Up-to-date symlink: /ros2_ws/install/aruco_interfaces/share/ament_index/resource_index/parent_prefix_path/aruco_interfaces
[0.356s] -- Up-to-date symlink: /ros2_ws/install/aruco_interfaces/share/aruco_interfaces/environment/ament_prefix_path.sh
[0.357s] -- Up-to-date symlink: /ros2_ws/install/aruco_interfaces/share/aruco_interfaces/environment/ament_prefix_path.dsv
[0.357s] -- Up-to-date symlink: /ros2_ws/install/aruco_interfaces/share/aruco_interfaces/environment/path.sh
[0.357s] -- Up-to-date symlink: /ros2_ws/install/aruco_interfaces/share/aruco_interfaces/environment/path.dsv
[0.357s] -- Up-to-date symlink: /ros2_ws/install/aruco_interfaces/share/aruco_interfaces/local_setup.bash
[0.357s] -- Up-to-date symlink: /ros2_ws/install/aruco_interfaces/share/aruco_interfaces/local_setup.sh
[0.357s] -- Up-to-date symlink: /ros2_ws/install/aruco_interfaces/share/aruco_interfaces/local_setup.zsh
[0.357s] -- Up-to-date symlink: /ros2_ws/install/aruco_interfaces/share/aruco_interfaces/local_setup.dsv
[0.357s] -- Symlinking: /ros2_ws/install/aruco_interfaces/share/aruco_interfaces/package.dsv
[0.369s] -- Up-to-date symlink: /ros2_ws/install/aruco_interfaces/share/ament_index/resource_index/packages/aruco_interfaces
[0.369s] -- Up-to-date symlink: /ros2_ws/install/aruco_interfaces/share/aruco_interfaces/cmake/rosidl_cmake-extras.cmake
[0.369s] -- Up-to-date symlink: /ros2_ws/install/aruco_interfaces/share/aruco_interfaces/cmake/ament_cmake_export_dependencies-extras.cmake
[0.369s] -- Up-to-date symlink: /ros2_ws/install/aruco_interfaces/share/aruco_interfaces/cmake/ament_cmake_export_include_directories-extras.cmake
[0.369s] -- Up-to-date symlink: /ros2_ws/install/aruco_interfaces/share/aruco_interfaces/cmake/ament_cmake_export_libraries-extras.cmake
[0.369s] -- Up-to-date symlink: /ros2_ws/install/aruco_interfaces/share/aruco_interfaces/cmake/ament_cmake_export_targets-extras.cmake
[0.369s] -- Up-to-date symlink: /ros2_ws/install/aruco_interfaces/share/aruco_interfaces/cmake/rosidl_cmake_export_typesupport_targets-extras.cmake
[0.370s] -- Up-to-date symlink: /ros2_ws/install/aruco_interfaces/share/aruco_interfaces/cmake/rosidl_cmake_export_typesupport_libraries-extras.cmake
[0.370s] -- Up-to-date symlink: /ros2_ws/install/aruco_interfaces/share/aruco_interfaces/cmake/aruco_interfacesConfig.cmake
[0.370s] -- Up-to-date symlink: /ros2_ws/install/aruco_interfaces/share/aruco_interfaces/cmake/aruco_interfacesConfig-version.cmake
[0.370s] -- Up-to-date symlink: /ros2_ws/install/aruco_interfaces/share/aruco_interfaces/package.xml
[0.370s] -- Up-to-date: /ros2_ws/install/aruco_interfaces/lib/libaruco_interfaces__rosidl_generator_c.so
[0.371s] -- Up-to-date: /ros2_ws/install/aruco_interfaces/lib/libaruco_interfaces__rosidl_typesupport_fastrtps_c.so
[0.371s] -- Up-to-date: /ros2_ws/install/aruco_interfaces/lib/libaruco_interfaces__rosidl_typesupport_fastrtps_cpp.so
[0.371s] -- Up-to-date: /ros2_ws/install/aruco_interfaces/lib/libaruco_interfaces__rosidl_typesupport_introspection_c.so
[0.372s] -- Up-to-date: /ros2_ws/install/aruco_interfaces/lib/libaruco_interfaces__rosidl_typesupport_c.so
[0.372s] -- Up-to-date: /ros2_ws/install/aruco_interfaces/lib/libaruco_interfaces__rosidl_typesupport_introspection_cpp.so
[0.372s] -- Up-to-date: /ros2_ws/install/aruco_interfaces/lib/libaruco_interfaces__rosidl_typesupport_cpp.so
[0.399s] Listing '/ros2_ws/install/aruco_interfaces/local/lib/python3.10/dist-packages/aruco_interfaces'...
[0.399s] Listing '/ros2_ws/install/aruco_interfaces/local/lib/python3.10/dist-packages/aruco_interfaces/msg'...
[0.404s] -- Up-to-date: /ros2_ws/install/aruco_interfaces/lib/libaruco_interfaces__rosidl_generator_py.so
[0.404s] -- Up-to-date: /ros2_ws/install/aruco_interfaces/share/aruco_interfaces/cmake/export_aruco_interfaces__rosidl_generator_cExport.cmake
[0.404s] -- Up-to-date: /ros2_ws/install/aruco_interfaces/share/aruco_interfaces/cmake/export_aruco_interfaces__rosidl_generator_cExport-noconfig.cmake
[0.404s] -- Up-to-date: /ros2_ws/install/aruco_interfaces/share/aruco_interfaces/cmake/export_aruco_interfaces__rosidl_typesupport_fastrtps_cExport.cmake
[0.404s] -- Up-to-date: /ros2_ws/install/aruco_interfaces/share/aruco_interfaces/cmake/export_aruco_interfaces__rosidl_typesupport_fastrtps_cExport-noconfig.cmake
[0.405s] -- Up-to-date: /ros2_ws/install/aruco_interfaces/share/aruco_interfaces/cmake/export_aruco_interfaces__rosidl_generator_cppExport.cmake
[0.405s] -- Up-to-date: /ros2_ws/install/aruco_interfaces/share/aruco_interfaces/cmake/export_aruco_interfaces__rosidl_typesupport_fastrtps_cppExport.cmake
[0.405s] -- Up-to-date: /ros2_ws/install/aruco_interfaces/share/aruco_interfaces/cmake/export_aruco_interfaces__rosidl_typesupport_fastrtps_cppExport-noconfig.cmake
[0.405s] -- Up-to-date: /ros2_ws/install/aruco_interfaces/share/aruco_interfaces/cmake/aruco_interfaces__rosidl_typesupport_introspection_cExport.cmake
[0.405s] -- Up-to-date: /ros2_ws/install/aruco_interfaces/share/aruco_interfaces/cmake/aruco_interfaces__rosidl_typesupport_introspection_cExport-noconfig.cmake
[0.405s] -- Up-to-date: /ros2_ws/install/aruco_interfaces/share/aruco_interfaces/cmake/aruco_interfaces__rosidl_typesupport_cExport.cmake
[0.405s] -- Up-to-date: /ros2_ws/install/aruco_interfaces/share/aruco_interfaces/cmake/aruco_interfaces__rosidl_typesupport_cExport-noconfig.cmake
[0.406s] -- Up-to-date: /ros2_ws/install/aruco_interfaces/share/aruco_interfaces/cmake/aruco_interfaces__rosidl_typesupport_introspection_cppExport.cmake
[0.406s] -- Up-to-date: /ros2_ws/install/aruco_interfaces/share/aruco_interfaces/cmake/aruco_interfaces__rosidl_typesupport_introspection_cppExport-noconfig.cmake
[0.406s] -- Up-to-date: /ros2_ws/install/aruco_interfaces/share/aruco_interfaces/cmake/aruco_interfaces__rosidl_typesupport_cppExport.cmake
[0.406s] -- Up-to-date: /ros2_ws/install/aruco_interfaces/share/aruco_interfaces/cmake/aruco_interfaces__rosidl_typesupport_cppExport-noconfig.cmake
[0.406s] -- Up-to-date: /ros2_ws/install/aruco_interfaces/share/aruco_interfaces/cmake/export_aruco_interfaces__rosidl_generator_pyExport.cmake
[0.406s] -- Up-to-date: /ros2_ws/install/aruco_interfaces/share/aruco_interfaces/cmake/export_aruco_interfaces__rosidl_generator_pyExport-noconfig.cmake
[0.408s] Invoked command in '/ros2_ws/build/aruco_interfaces' returned '0': CMAKE_PREFIX_PATH=${CMAKE_PREFIX_PATH}:/opt/ros/humble /usr/bin/cmake --install /ros2_ws/build/aruco_interfaces
