[0.016s] Invoking command in '/ros2_ws/src/build/aruco_pose_estimation': AMENT_PREFIX_PATH=/ros2_ws/src/install/aruco_interfaces:${AMENT_PREFIX_PATH} CMAKE_PREFIX_PATH=/ros2_ws/src/install/aruco_interfaces:/ros2_ws/install/aruco_pose_estimation:/ros2_ws/install/aruco_interfaces:/opt/ros/humble LD_LIBRARY_PATH=/ros2_ws/src/install/aruco_interfaces/lib:${LD_LIBRARY_PATH} PYTHONPATH=/ros2_ws/src/install/aruco_interfaces/local/lib/python3.10/dist-packages:${PYTHONPATH} /usr/bin/cmake /ros2_ws/src/ros2-aruco-pose-estimation/aruco_pose_estimation -DAMENT_CMAKE_SYMLINK_INSTALL=1 -DCMAKE_INSTALL_PREFIX=/ros2_ws/src/install/aruco_pose_estimation
[0.091s] -- The C compiler identification is GNU 11.4.0
[0.154s] -- The CXX compiler identification is GNU 11.4.0
[0.162s] -- Detecting C compiler ABI info
[0.246s] -- Detecting C compiler ABI info - done
[0.253s] -- Check for working C compiler: /usr/bin/cc - skipped
[0.253s] -- Detecting C compile features
[0.254s] -- Detecting C compile features - done
[0.256s] -- Detecting CXX compiler ABI info
[0.356s] -- Detecting CXX compiler ABI info - done
[0.364s] -- Check for working CXX compiler: /usr/bin/c++ - skipped
[0.364s] -- Detecting CXX compile features
[0.364s] -- Detecting CXX compile features - done
[0.368s] -- Found ament_cmake: 1.3.12 (/opt/ros/humble/share/ament_cmake/cmake)
[0.526s] -- Found Python3: /usr/bin/python3 (found version "3.10.12") found components: Interpreter 
[0.584s] -- Override CMake install command with custom implementation using symlinks instead of copying resources
[0.622s] -- Found rclpy: 3.3.17 (/opt/ros/humble/share/rclpy/cmake)
[0.623s] -- Found aruco_interfaces: 0.1.0 (/ros2_ws/src/install/aruco_interfaces/share/aruco_interfaces/cmake)
[0.662s] -- Found rosidl_generator_c: 3.1.7 (/opt/ros/humble/share/rosidl_generator_c/cmake)
[0.668s] -- Found rosidl_adapter: 3.1.7 (/opt/ros/humble/share/rosidl_adapter/cmake)
[0.676s] -- Found rosidl_generator_cpp: 3.1.7 (/opt/ros/humble/share/rosidl_generator_cpp/cmake)
[0.687s] -- Using all available rosidl_typesupport_c: rosidl_typesupport_fastrtps_c;rosidl_typesupport_introspection_c
[0.703s] -- Using all available rosidl_typesupport_cpp: rosidl_typesupport_fastrtps_cpp;rosidl_typesupport_introspection_cpp
[0.892s] -- Configuring done
[0.897s] -- Generating done
[0.899s] -- Build files have been written to: /ros2_ws/src/build/aruco_pose_estimation
[0.906s] Invoked command in '/ros2_ws/src/build/aruco_pose_estimation' returned '0': AMENT_PREFIX_PATH=/ros2_ws/src/install/aruco_interfaces:${AMENT_PREFIX_PATH} CMAKE_PREFIX_PATH=/ros2_ws/src/install/aruco_interfaces:/ros2_ws/install/aruco_pose_estimation:/ros2_ws/install/aruco_interfaces:/opt/ros/humble LD_LIBRARY_PATH=/ros2_ws/src/install/aruco_interfaces/lib:${LD_LIBRARY_PATH} PYTHONPATH=/ros2_ws/src/install/aruco_interfaces/local/lib/python3.10/dist-packages:${PYTHONPATH} /usr/bin/cmake /ros2_ws/src/ros2-aruco-pose-estimation/aruco_pose_estimation -DAMENT_CMAKE_SYMLINK_INSTALL=1 -DCMAKE_INSTALL_PREFIX=/ros2_ws/src/install/aruco_pose_estimation
[0.909s] Invoking command in '/ros2_ws/src/build/aruco_pose_estimation': AMENT_PREFIX_PATH=/ros2_ws/src/install/aruco_interfaces:${AMENT_PREFIX_PATH} CMAKE_PREFIX_PATH=/ros2_ws/src/install/aruco_interfaces:/ros2_ws/install/aruco_pose_estimation:/ros2_ws/install/aruco_interfaces:/opt/ros/humble LD_LIBRARY_PATH=/ros2_ws/src/install/aruco_interfaces/lib:${LD_LIBRARY_PATH} PYTHONPATH=/ros2_ws/src/install/aruco_interfaces/local/lib/python3.10/dist-packages:${PYTHONPATH} /usr/bin/cmake --build /ros2_ws/src/build/aruco_pose_estimation -- -j24 -l24
[0.979s] Built target ament_cmake_python_symlink_aruco_pose_estimation
[1.164s] running egg_info
[1.164s] creating aruco_pose_estimation.egg-info
[1.165s] writing aruco_pose_estimation.egg-info/PKG-INFO
[1.165s] writing dependency_links to aruco_pose_estimation.egg-info/dependency_links.txt
[1.165s] writing top-level names to aruco_pose_estimation.egg-info/top_level.txt
[1.165s] writing manifest file 'aruco_pose_estimation.egg-info/SOURCES.txt'
[1.166s] reading manifest file 'aruco_pose_estimation.egg-info/SOURCES.txt'
[1.166s] writing manifest file 'aruco_pose_estimation.egg-info/SOURCES.txt'
[1.194s] Built target ament_cmake_python_build_aruco_pose_estimation_egg
[1.206s] Invoked command in '/ros2_ws/src/build/aruco_pose_estimation' returned '0': AMENT_PREFIX_PATH=/ros2_ws/src/install/aruco_interfaces:${AMENT_PREFIX_PATH} CMAKE_PREFIX_PATH=/ros2_ws/src/install/aruco_interfaces:/ros2_ws/install/aruco_pose_estimation:/ros2_ws/install/aruco_interfaces:/opt/ros/humble LD_LIBRARY_PATH=/ros2_ws/src/install/aruco_interfaces/lib:${LD_LIBRARY_PATH} PYTHONPATH=/ros2_ws/src/install/aruco_interfaces/local/lib/python3.10/dist-packages:${PYTHONPATH} /usr/bin/cmake --build /ros2_ws/src/build/aruco_pose_estimation -- -j24 -l24
[1.208s] Invoking command in '/ros2_ws/src/build/aruco_pose_estimation': AMENT_PREFIX_PATH=/ros2_ws/src/install/aruco_interfaces:${AMENT_PREFIX_PATH} CMAKE_PREFIX_PATH=/ros2_ws/src/install/aruco_interfaces:/ros2_ws/install/aruco_pose_estimation:/ros2_ws/install/aruco_interfaces:/opt/ros/humble LD_LIBRARY_PATH=/ros2_ws/src/install/aruco_interfaces/lib:${LD_LIBRARY_PATH} PYTHONPATH=/ros2_ws/src/install/aruco_interfaces/local/lib/python3.10/dist-packages:${PYTHONPATH} /usr/bin/cmake --install /ros2_ws/src/build/aruco_pose_estimation
[1.214s] -- Install configuration: ""
[1.215s] -- Execute custom install script
[1.215s] -- Symlinking: /ros2_ws/src/install/aruco_pose_estimation/share/aruco_pose_estimation/environment/pythonpath.sh
[1.228s] -- Symlinking: /ros2_ws/src/install/aruco_pose_estimation/share/aruco_pose_estimation/environment/pythonpath.dsv
[1.240s] -- Symlinking: /ros2_ws/src/install/aruco_pose_estimation/local/lib/python3.10/dist-packages/aruco_pose_estimation-2.0.0-py3.10.egg-info/PKG-INFO
[1.248s] -- Symlinking: /ros2_ws/src/install/aruco_pose_estimation/local/lib/python3.10/dist-packages/aruco_pose_estimation-2.0.0-py3.10.egg-info/SOURCES.txt
[1.262s] -- Symlinking: /ros2_ws/src/install/aruco_pose_estimation/local/lib/python3.10/dist-packages/aruco_pose_estimation-2.0.0-py3.10.egg-info/dependency_links.txt
[1.273s] -- Symlinking: /ros2_ws/src/install/aruco_pose_estimation/local/lib/python3.10/dist-packages/aruco_pose_estimation-2.0.0-py3.10.egg-info/top_level.txt
[1.283s] -- Symlinking: /ros2_ws/src/install/aruco_pose_estimation/local/lib/python3.10/dist-packages/aruco_pose_estimation/__init__.py
[1.291s] -- Symlinking: /ros2_ws/src/install/aruco_pose_estimation/local/lib/python3.10/dist-packages/aruco_pose_estimation/pose_estimation.py
[1.299s] -- Symlinking: /ros2_ws/src/install/aruco_pose_estimation/local/lib/python3.10/dist-packages/aruco_pose_estimation/utils.py
[1.309s] -- Symlinking: /ros2_ws/src/install/aruco_pose_estimation/lib/aruco_pose_estimation/aruco_node.py
[1.322s] -- Symlinking: /ros2_ws/src/install/aruco_pose_estimation/share/aruco_pose_estimation/launch/aruco_pose_estimation.launch.py
[1.331s] -- Symlinking: /ros2_ws/src/install/aruco_pose_estimation/share/aruco_pose_estimation/rviz/cam_detect.rviz
[1.339s] -- Symlinking: /ros2_ws/src/install/aruco_pose_estimation/share/aruco_pose_estimation/config/aruco_parameters.yaml
[1.346s] -- Symlinking: /ros2_ws/src/install/aruco_pose_estimation/share/aruco_pose_estimation/config/calibration_realsense.yaml
[1.357s] -- Symlinking: /ros2_ws/src/install/aruco_pose_estimation/share/ament_index/resource_index/package_run_dependencies/aruco_pose_estimation
[1.364s] -- Symlinking: /ros2_ws/src/install/aruco_pose_estimation/share/ament_index/resource_index/parent_prefix_path/aruco_pose_estimation
[1.371s] -- Symlinking: /ros2_ws/src/install/aruco_pose_estimation/share/aruco_pose_estimation/environment/ament_prefix_path.sh
[1.379s] -- Symlinking: /ros2_ws/src/install/aruco_pose_estimation/share/aruco_pose_estimation/environment/ament_prefix_path.dsv
[1.387s] -- Symlinking: /ros2_ws/src/install/aruco_pose_estimation/share/aruco_pose_estimation/environment/path.sh
[1.396s] -- Symlinking: /ros2_ws/src/install/aruco_pose_estimation/share/aruco_pose_estimation/environment/path.dsv
[1.403s] -- Symlinking: /ros2_ws/src/install/aruco_pose_estimation/share/aruco_pose_estimation/local_setup.bash
[1.414s] -- Symlinking: /ros2_ws/src/install/aruco_pose_estimation/share/aruco_pose_estimation/local_setup.sh
[1.421s] -- Symlinking: /ros2_ws/src/install/aruco_pose_estimation/share/aruco_pose_estimation/local_setup.zsh
[1.428s] -- Symlinking: /ros2_ws/src/install/aruco_pose_estimation/share/aruco_pose_estimation/local_setup.dsv
[1.435s] -- Symlinking: /ros2_ws/src/install/aruco_pose_estimation/share/aruco_pose_estimation/package.dsv
[1.443s] -- Symlinking: /ros2_ws/src/install/aruco_pose_estimation/share/ament_index/resource_index/packages/aruco_pose_estimation
[1.451s] -- Symlinking: /ros2_ws/src/install/aruco_pose_estimation/share/aruco_pose_estimation/cmake/aruco_pose_estimationConfig.cmake
[1.458s] -- Symlinking: /ros2_ws/src/install/aruco_pose_estimation/share/aruco_pose_estimation/cmake/aruco_pose_estimationConfig-version.cmake
[1.471s] -- Symlinking: /ros2_ws/src/install/aruco_pose_estimation/share/aruco_pose_estimation/package.xml
[1.517s] Listing '/ros2_ws/src/install/aruco_pose_estimation/local/lib/python3.10/dist-packages/aruco_pose_estimation'...
[1.517s] Compiling '/ros2_ws/src/install/aruco_pose_estimation/local/lib/python3.10/dist-packages/aruco_pose_estimation/__init__.py'...
[1.517s] Compiling '/ros2_ws/src/install/aruco_pose_estimation/local/lib/python3.10/dist-packages/aruco_pose_estimation/pose_estimation.py'...
[1.517s] Compiling '/ros2_ws/src/install/aruco_pose_estimation/local/lib/python3.10/dist-packages/aruco_pose_estimation/utils.py'...
[1.523s] Invoked command in '/ros2_ws/src/build/aruco_pose_estimation' returned '0': AMENT_PREFIX_PATH=/ros2_ws/src/install/aruco_interfaces:${AMENT_PREFIX_PATH} CMAKE_PREFIX_PATH=/ros2_ws/src/install/aruco_interfaces:/ros2_ws/install/aruco_pose_estimation:/ros2_ws/install/aruco_interfaces:/opt/ros/humble LD_LIBRARY_PATH=/ros2_ws/src/install/aruco_interfaces/lib:${LD_LIBRARY_PATH} PYTHONPATH=/ros2_ws/src/install/aruco_interfaces/local/lib/python3.10/dist-packages:${PYTHONPATH} /usr/bin/cmake --install /ros2_ws/src/build/aruco_pose_estimation
